---
source: full-moon/tests/fail_cases.rs
expression: tokens
input_file: full-moon/tests/cases/fail/parser/repeat-until-3

---
- start_position:
    bytes: 0
    line: 1
    character: 1
  end_position:
    bytes: 6
    line: 1
    character: 7
  token_type:
    type: Symbol
    symbol: repeat
- start_position:
    bytes: 6
    line: 1
    character: 7
  end_position:
    bytes: 7
    line: 1
    character: 7
  token_type:
    type: Whitespace
    characters: "\n"
- start_position:
    bytes: 7
    line: 2
    character: 1
  end_position:
    bytes: 8
    line: 2
    character: 2
  token_type:
    type: Whitespace
    characters: "\t"
- start_position:
    bytes: 8
    line: 2
    character: 2
  end_position:
    bytes: 12
    line: 2
    character: 6
  token_type:
    type: Identifier
    identifier: call
- start_position:
    bytes: 12
    line: 2
    character: 6
  end_position:
    bytes: 13
    line: 2
    character: 7
  token_type:
    type: Symbol
    symbol: (
- start_position:
    bytes: 13
    line: 2
    character: 7
  end_position:
    bytes: 14
    line: 2
    character: 8
  token_type:
    type: Symbol
    symbol: )
- start_position:
    bytes: 14
    line: 2
    character: 8
  end_position:
    bytes: 15
    line: 2
    character: 8
  token_type:
    type: Whitespace
    characters: "\n"
- start_position:
    bytes: 15
    line: 3
    character: 1
  end_position:
    bytes: 20
    line: 3
    character: 6
  token_type:
    type: Symbol
    symbol: until
- start_position:
    bytes: 20
    line: 3
    character: 6
  end_position:
    bytes: 20
    line: 3
    character: 6
  token_type:
    type: Eof

