---
source: full-moon/tests/fail_cases.rs
expression: error
input_file: full-moon/tests/cases/fail/parser/method-call-2

---
UnexpectedToken:
  token:
    start_position:
      bytes: 18
      line: 1
      character: 19
    end_position:
      bytes: 18
      line: 1
      character: 19
    token_type:
      type: Eof
  additional: expected args

