---
source: full-moon/tests/pass_cases.rs
expression: tokens
input_file: full-moon/tests/cases/pass/unops

---
- start_position:
    bytes: 0
    character: 1
    line: 1
  end_position:
    bytes: 5
    character: 6
    line: 1
  token_type:
    type: Symbol
    symbol: local
- start_position:
    bytes: 5
    character: 6
    line: 1
  end_position:
    bytes: 6
    character: 7
    line: 1
  token_type:
    type: Whitespace
    characters: " "
- start_position:
    bytes: 6
    character: 7
    line: 1
  end_position:
    bytes: 21
    character: 22
    line: 1
  token_type:
    type: Identifier
    identifier: negativeLiteral
- start_position:
    bytes: 21
    character: 22
    line: 1
  end_position:
    bytes: 22
    character: 23
    line: 1
  token_type:
    type: Whitespace
    characters: " "
- start_position:
    bytes: 22
    character: 23
    line: 1
  end_position:
    bytes: 23
    character: 24
    line: 1
  token_type:
    type: Symbol
    symbol: "="
- start_position:
    bytes: 23
    character: 24
    line: 1
  end_position:
    bytes: 24
    character: 25
    line: 1
  token_type:
    type: Whitespace
    characters: " "
- start_position:
    bytes: 24
    character: 25
    line: 1
  end_position:
    bytes: 25
    character: 26
    line: 1
  token_type:
    type: Symbol
    symbol: "-"
- start_position:
    bytes: 25
    character: 26
    line: 1
  end_position:
    bytes: 26
    character: 27
    line: 1
  token_type:
    type: Number
    text: "3"
- start_position:
    bytes: 26
    character: 27
    line: 1
  end_position:
    bytes: 27
    character: 27
    line: 1
  token_type:
    type: Whitespace
    characters: "\n"
- start_position:
    bytes: 27
    character: 1
    line: 2
  end_position:
    bytes: 32
    character: 6
    line: 2
  token_type:
    type: Symbol
    symbol: local
- start_position:
    bytes: 32
    character: 6
    line: 2
  end_position:
    bytes: 33
    character: 7
    line: 2
  token_type:
    type: Whitespace
    characters: " "
- start_position:
    bytes: 33
    character: 7
    line: 2
  end_position:
    bytes: 49
    character: 23
    line: 2
  token_type:
    type: Identifier
    identifier: negativeVariable
- start_position:
    bytes: 49
    character: 23
    line: 2
  end_position:
    bytes: 50
    character: 24
    line: 2
  token_type:
    type: Whitespace
    characters: " "
- start_position:
    bytes: 50
    character: 24
    line: 2
  end_position:
    bytes: 51
    character: 25
    line: 2
  token_type:
    type: Symbol
    symbol: "="
- start_position:
    bytes: 51
    character: 25
    line: 2
  end_position:
    bytes: 52
    character: 26
    line: 2
  token_type:
    type: Whitespace
    characters: " "
- start_position:
    bytes: 52
    character: 26
    line: 2
  end_position:
    bytes: 53
    character: 27
    line: 2
  token_type:
    type: Symbol
    symbol: "-"
- start_position:
    bytes: 53
    character: 27
    line: 2
  end_position:
    bytes: 54
    character: 28
    line: 2
  token_type:
    type: Identifier
    identifier: x
- start_position:
    bytes: 54
    character: 28
    line: 2
  end_position:
    bytes: 55
    character: 28
    line: 2
  token_type:
    type: Whitespace
    characters: "\n"
- start_position:
    bytes: 55
    character: 1
    line: 3
  end_position:
    bytes: 60
    character: 6
    line: 3
  token_type:
    type: Symbol
    symbol: local
- start_position:
    bytes: 60
    character: 6
    line: 3
  end_position:
    bytes: 61
    character: 7
    line: 3
  token_type:
    type: Whitespace
    characters: " "
- start_position:
    bytes: 61
    character: 7
    line: 3
  end_position:
    bytes: 71
    character: 17
    line: 3
  token_type:
    type: Identifier
    identifier: notLiteral
- start_position:
    bytes: 71
    character: 17
    line: 3
  end_position:
    bytes: 72
    character: 18
    line: 3
  token_type:
    type: Whitespace
    characters: " "
- start_position:
    bytes: 72
    character: 18
    line: 3
  end_position:
    bytes: 73
    character: 19
    line: 3
  token_type:
    type: Symbol
    symbol: "="
- start_position:
    bytes: 73
    character: 19
    line: 3
  end_position:
    bytes: 74
    character: 20
    line: 3
  token_type:
    type: Whitespace
    characters: " "
- start_position:
    bytes: 74
    character: 20
    line: 3
  end_position:
    bytes: 77
    character: 23
    line: 3
  token_type:
    type: Symbol
    symbol: not
- start_position:
    bytes: 77
    character: 23
    line: 3
  end_position:
    bytes: 78
    character: 24
    line: 3
  token_type:
    type: Whitespace
    characters: " "
- start_position:
    bytes: 78
    character: 24
    line: 3
  end_position:
    bytes: 82
    character: 28
    line: 3
  token_type:
    type: Symbol
    symbol: "true"
- start_position:
    bytes: 82
    character: 28
    line: 3
  end_position:
    bytes: 83
    character: 28
    line: 3
  token_type:
    type: Whitespace
    characters: "\n"
- start_position:
    bytes: 83
    character: 1
    line: 4
  end_position:
    bytes: 88
    character: 6
    line: 4
  token_type:
    type: Symbol
    symbol: local
- start_position:
    bytes: 88
    character: 6
    line: 4
  end_position:
    bytes: 89
    character: 7
    line: 4
  token_type:
    type: Whitespace
    characters: " "
- start_position:
    bytes: 89
    character: 7
    line: 4
  end_position:
    bytes: 100
    character: 18
    line: 4
  token_type:
    type: Identifier
    identifier: notVariable
- start_position:
    bytes: 100
    character: 18
    line: 4
  end_position:
    bytes: 101
    character: 19
    line: 4
  token_type:
    type: Whitespace
    characters: " "
- start_position:
    bytes: 101
    character: 19
    line: 4
  end_position:
    bytes: 102
    character: 20
    line: 4
  token_type:
    type: Symbol
    symbol: "="
- start_position:
    bytes: 102
    character: 20
    line: 4
  end_position:
    bytes: 103
    character: 21
    line: 4
  token_type:
    type: Whitespace
    characters: " "
- start_position:
    bytes: 103
    character: 21
    line: 4
  end_position:
    bytes: 106
    character: 24
    line: 4
  token_type:
    type: Symbol
    symbol: not
- start_position:
    bytes: 106
    character: 24
    line: 4
  end_position:
    bytes: 107
    character: 25
    line: 4
  token_type:
    type: Whitespace
    characters: " "
- start_position:
    bytes: 107
    character: 25
    line: 4
  end_position:
    bytes: 108
    character: 26
    line: 4
  token_type:
    type: Identifier
    identifier: x
- start_position:
    bytes: 108
    character: 26
    line: 4
  end_position:
    bytes: 109
    character: 26
    line: 4
  token_type:
    type: Whitespace
    characters: "\n"
- start_position:
    bytes: 109
    character: 1
    line: 5
  end_position:
    bytes: 114
    character: 6
    line: 5
  token_type:
    type: Symbol
    symbol: local
- start_position:
    bytes: 114
    character: 6
    line: 5
  end_position:
    bytes: 115
    character: 7
    line: 5
  token_type:
    type: Whitespace
    characters: " "
- start_position:
    bytes: 115
    character: 7
    line: 5
  end_position:
    bytes: 121
    character: 13
    line: 5
  token_type:
    type: Identifier
    identifier: length
- start_position:
    bytes: 121
    character: 13
    line: 5
  end_position:
    bytes: 122
    character: 14
    line: 5
  token_type:
    type: Whitespace
    characters: " "
- start_position:
    bytes: 122
    character: 14
    line: 5
  end_position:
    bytes: 123
    character: 15
    line: 5
  token_type:
    type: Symbol
    symbol: "="
- start_position:
    bytes: 123
    character: 15
    line: 5
  end_position:
    bytes: 124
    character: 16
    line: 5
  token_type:
    type: Whitespace
    characters: " "
- start_position:
    bytes: 124
    character: 16
    line: 5
  end_position:
    bytes: 125
    character: 17
    line: 5
  token_type:
    type: Symbol
    symbol: "#"
- start_position:
    bytes: 125
    character: 17
    line: 5
  end_position:
    bytes: 126
    character: 18
    line: 5
  token_type:
    type: Identifier
    identifier: x
- start_position:
    bytes: 126
    character: 18
    line: 5
  end_position:
    bytes: 126
    character: 18
    line: 5
  token_type:
    type: Eof

