---
source: full-moon/tests/pass_cases.rs
expression: ast.nodes()

---
stmts:
  - - TypeDeclaration:
        type_token:
          leading_trivia: []
          token:
            start_position:
              bytes: 0
              line: 1
              character: 1
            end_position:
              bytes: 4
              line: 1
              character: 5
            token_type:
              type: Identifier
              identifier: type
          trailing_trivia:
            - start_position:
                bytes: 4
                line: 1
                character: 5
              end_position:
                bytes: 5
                line: 1
                character: 6
              token_type:
                type: Whitespace
                characters: " "
        base:
          leading_trivia: []
          token:
            start_position:
              bytes: 5
              line: 1
              character: 6
            end_position:
              bytes: 8
              line: 1
              character: 9
            token_type:
              type: Identifier
              identifier: Foo
          trailing_trivia:
            - start_position:
                bytes: 8
                line: 1
                character: 9
              end_position:
                bytes: 9
                line: 1
                character: 10
              token_type:
                type: Whitespace
                characters: " "
        generics: ~
        equal_token:
          leading_trivia: []
          token:
            start_position:
              bytes: 9
              line: 1
              character: 10
            end_position:
              bytes: 10
              line: 1
              character: 11
            token_type:
              type: Symbol
              symbol: "="
          trailing_trivia:
            - start_position:
                bytes: 10
                line: 1
                character: 11
              end_position:
                bytes: 11
                line: 1
                character: 12
              token_type:
                type: Whitespace
                characters: " "
        declare_as:
          Table:
            braces:
              tokens:
                - leading_trivia: []
                  token:
                    start_position:
                      bytes: 11
                      line: 1
                      character: 12
                    end_position:
                      bytes: 12
                      line: 1
                      character: 13
                    token_type:
                      type: Symbol
                      symbol: "{"
                  trailing_trivia:
                    - start_position:
                        bytes: 12
                        line: 1
                        character: 13
                      end_position:
                        bytes: 13
                        line: 1
                        character: 13
                      token_type:
                        type: Whitespace
                        characters: "\n"
                - leading_trivia: []
                  token:
                    start_position:
                      bytes: 41
                      line: 4
                      character: 1
                    end_position:
                      bytes: 42
                      line: 4
                      character: 2
                    token_type:
                      type: Symbol
                      symbol: "}"
                  trailing_trivia: []
            fields:
              pairs:
                - Punctuated:
                    - key:
                        Name:
                          leading_trivia:
                            - start_position:
                                bytes: 13
                                line: 2
                                character: 1
                              end_position:
                                bytes: 14
                                line: 2
                                character: 2
                              token_type:
                                type: Whitespace
                                characters: "\t"
                          token:
                            start_position:
                              bytes: 14
                              line: 2
                              character: 2
                            end_position:
                              bytes: 17
                              line: 2
                              character: 5
                            token_type:
                              type: Identifier
                              identifier: bar
                          trailing_trivia: []
                      colon:
                        leading_trivia: []
                        token:
                          start_position:
                            bytes: 17
                            line: 2
                            character: 5
                          end_position:
                            bytes: 18
                            line: 2
                            character: 6
                          token_type:
                            type: Symbol
                            symbol: ":"
                        trailing_trivia:
                          - start_position:
                              bytes: 18
                              line: 2
                              character: 6
                            end_position:
                              bytes: 19
                              line: 2
                              character: 7
                            token_type:
                              type: Whitespace
                              characters: " "
                      value:
                        Basic:
                          leading_trivia: []
                          token:
                            start_position:
                              bytes: 19
                              line: 2
                              character: 7
                            end_position:
                              bytes: 25
                              line: 2
                              character: 13
                            token_type:
                              type: Identifier
                              identifier: number
                          trailing_trivia: []
                    - leading_trivia: []
                      token:
                        start_position:
                          bytes: 25
                          line: 2
                          character: 13
                        end_position:
                          bytes: 26
                          line: 2
                          character: 14
                        token_type:
                          type: Symbol
                          symbol: ;
                      trailing_trivia:
                        - start_position:
                            bytes: 26
                            line: 2
                            character: 14
                          end_position:
                            bytes: 27
                            line: 2
                            character: 14
                          token_type:
                            type: Whitespace
                            characters: "\n"
                - Punctuated:
                    - key:
                        Name:
                          leading_trivia:
                            - start_position:
                                bytes: 27
                                line: 3
                                character: 1
                              end_position:
                                bytes: 28
                                line: 3
                                character: 2
                              token_type:
                                type: Whitespace
                                characters: "\t"
                          token:
                            start_position:
                              bytes: 28
                              line: 3
                              character: 2
                            end_position:
                              bytes: 31
                              line: 3
                              character: 5
                            token_type:
                              type: Identifier
                              identifier: baz
                          trailing_trivia: []
                      colon:
                        leading_trivia: []
                        token:
                          start_position:
                            bytes: 31
                            line: 3
                            character: 5
                          end_position:
                            bytes: 32
                            line: 3
                            character: 6
                          token_type:
                            type: Symbol
                            symbol: ":"
                        trailing_trivia:
                          - start_position:
                              bytes: 32
                              line: 3
                              character: 6
                            end_position:
                              bytes: 33
                              line: 3
                              character: 7
                            token_type:
                              type: Whitespace
                              characters: " "
                      value:
                        Basic:
                          leading_trivia: []
                          token:
                            start_position:
                              bytes: 33
                              line: 3
                              character: 7
                            end_position:
                              bytes: 39
                              line: 3
                              character: 13
                            token_type:
                              type: Identifier
                              identifier: number
                          trailing_trivia: []
                    - leading_trivia: []
                      token:
                        start_position:
                          bytes: 39
                          line: 3
                          character: 13
                        end_position:
                          bytes: 40
                          line: 3
                          character: 14
                        token_type:
                          type: Symbol
                          symbol: ;
                      trailing_trivia:
                        - start_position:
                            bytes: 40
                            line: 3
                            character: 14
                          end_position:
                            bytes: 41
                            line: 3
                            character: 14
                          token_type:
                            type: Whitespace
                            characters: "\n"
    - ~

