---
source: full-moon/tests/fail_cases.rs
assertion_line: 22
expression: result.errors
input_file: full-moon/tests/roblox_cases/fail/tokenizer/unfinished-string-interpolation
---
- TokenizerError:
    error: UnclosedString
    range:
      - bytes: 10
        line: 1
        character: 11
      - bytes: 15
        line: 1
        character: 16

