---
source: full-moon/tests/fail_cases.rs
expression: result.errors
---
- AstError:
    token:
      start_position:
        bytes: 26
        line: 1
        character: 27
      end_position:
        bytes: 26
        line: 1
        character: 27
      token_type:
        type: Eof
    additional: "expected `->` after `()` for function type"

