---
source: full-moon/tests/pass_cases.rs
expression: ast.nodes()
input_file: full-moon/tests/luau_declarations_cases/pass/declared_globals
---
stmts:
  - - DeclaredGlobal:
        declare_token:
          leading_trivia: []
          token:
            start_position:
              bytes: 0
              line: 1
              character: 1
            end_position:
              bytes: 7
              line: 1
              character: 8
            token_type:
              type: Identifier
              identifier: declare
          trailing_trivia:
            - start_position:
                bytes: 7
                line: 1
                character: 8
              end_position:
                bytes: 8
                line: 1
                character: 9
              token_type:
                type: Whitespace
                characters: " "
        name:
          leading_trivia: []
          token:
            start_position:
              bytes: 8
              line: 1
              character: 9
            end_position:
              bytes: 11
              line: 1
              character: 12
            token_type:
              type: Identifier
              identifier: foo
          trailing_trivia: []
        colon_token:
          leading_trivia: []
          token:
            start_position:
              bytes: 11
              line: 1
              character: 12
            end_position:
              bytes: 12
              line: 1
              character: 13
            token_type:
              type: Symbol
              symbol: ":"
          trailing_trivia:
            - start_position:
                bytes: 12
                line: 1
                character: 13
              end_position:
                bytes: 13
                line: 1
                character: 14
              token_type:
                type: Whitespace
                characters: " "
        type_info:
          Basic:
            leading_trivia: []
            token:
              start_position:
                bytes: 13
                line: 1
                character: 14
              end_position:
                bytes: 16
                line: 1
                character: 17
              token_type:
                type: Identifier
                identifier: Bar
            trailing_trivia: []
    - ~
