---
source: full-moon/tests/pass_cases.rs
expression: tokens
input_file: full-moon/tests/roblox_cases/pass/types

---
- start_position:
    bytes: 0
    line: 1
    character: 1
  end_position:
    bytes: 9
    line: 1
    character: 10
  token_type:
    type: SingleLineComment
    comment: "!strict"
- start_position:
    bytes: 9
    line: 1
    character: 10
  end_position:
    bytes: 10
    line: 1
    character: 10
  token_type:
    type: Whitespace
    characters: "\n"
- start_position:
    bytes: 10
    line: 2
    character: 1
  end_position:
    bytes: 15
    line: 2
    character: 6
  token_type:
    type: Symbol
    symbol: local
- start_position:
    bytes: 15
    line: 2
    character: 6
  end_position:
    bytes: 16
    line: 2
    character: 7
  token_type:
    type: Whitespace
    characters: " "
- start_position:
    bytes: 16
    line: 2
    character: 7
  end_position:
    bytes: 20
    line: 2
    character: 11
  token_type:
    type: Identifier
    identifier: _fn3
- start_position:
    bytes: 20
    line: 2
    character: 11
  end_position:
    bytes: 21
    line: 2
    character: 11
  token_type:
    type: Whitespace
    characters: "\n"
- start_position:
    bytes: 21
    line: 3
    character: 1
  end_position:
    bytes: 25
    line: 3
    character: 5
  token_type:
    type: Identifier
    identifier: type
- start_position:
    bytes: 25
    line: 3
    character: 5
  end_position:
    bytes: 26
    line: 3
    character: 6
  token_type:
    type: Whitespace
    characters: " "
- start_position:
    bytes: 26
    line: 3
    character: 6
  end_position:
    bytes: 34
    line: 3
    character: 14
  token_type:
    type: Identifier
    identifier: Identity
- start_position:
    bytes: 34
    line: 3
    character: 14
  end_position:
    bytes: 35
    line: 3
    character: 15
  token_type:
    type: Symbol
    symbol: "<"
- start_position:
    bytes: 35
    line: 3
    character: 15
  end_position:
    bytes: 36
    line: 3
    character: 16
  token_type:
    type: Identifier
    identifier: T
- start_position:
    bytes: 36
    line: 3
    character: 16
  end_position:
    bytes: 37
    line: 3
    character: 17
  token_type:
    type: Symbol
    symbol: ">"
- start_position:
    bytes: 37
    line: 3
    character: 17
  end_position:
    bytes: 38
    line: 3
    character: 18
  token_type:
    type: Whitespace
    characters: " "
- start_position:
    bytes: 38
    line: 3
    character: 18
  end_position:
    bytes: 39
    line: 3
    character: 19
  token_type:
    type: Symbol
    symbol: "="
- start_position:
    bytes: 39
    line: 3
    character: 19
  end_position:
    bytes: 40
    line: 3
    character: 20
  token_type:
    type: Whitespace
    characters: " "
- start_position:
    bytes: 40
    line: 3
    character: 20
  end_position:
    bytes: 41
    line: 3
    character: 21
  token_type:
    type: Identifier
    identifier: T
- start_position:
    bytes: 41
    line: 3
    character: 21
  end_position:
    bytes: 42
    line: 3
    character: 21
  token_type:
    type: Whitespace
    characters: "\n"
- start_position:
    bytes: 42
    line: 4
    character: 1
  end_position:
    bytes: 46
    line: 4
    character: 5
  token_type:
    type: Identifier
    identifier: type
- start_position:
    bytes: 46
    line: 4
    character: 5
  end_position:
    bytes: 47
    line: 4
    character: 6
  token_type:
    type: Whitespace
    characters: " "
- start_position:
    bytes: 47
    line: 4
    character: 6
  end_position:
    bytes: 52
    line: 4
    character: 11
  token_type:
    type: Identifier
    identifier: Array
- start_position:
    bytes: 52
    line: 4
    character: 11
  end_position:
    bytes: 53
    line: 4
    character: 12
  token_type:
    type: Symbol
    symbol: "<"
- start_position:
    bytes: 53
    line: 4
    character: 12
  end_position:
    bytes: 54
    line: 4
    character: 13
  token_type:
    type: Identifier
    identifier: T
- start_position:
    bytes: 54
    line: 4
    character: 13
  end_position:
    bytes: 55
    line: 4
    character: 14
  token_type:
    type: Symbol
    symbol: ">"
- start_position:
    bytes: 55
    line: 4
    character: 14
  end_position:
    bytes: 56
    line: 4
    character: 15
  token_type:
    type: Whitespace
    characters: " "
- start_position:
    bytes: 56
    line: 4
    character: 15
  end_position:
    bytes: 57
    line: 4
    character: 16
  token_type:
    type: Symbol
    symbol: "="
- start_position:
    bytes: 57
    line: 4
    character: 16
  end_position:
    bytes: 58
    line: 4
    character: 17
  token_type:
    type: Whitespace
    characters: " "
- start_position:
    bytes: 58
    line: 4
    character: 17
  end_position:
    bytes: 59
    line: 4
    character: 18
  token_type:
    type: Symbol
    symbol: "{"
- start_position:
    bytes: 59
    line: 4
    character: 18
  end_position:
    bytes: 60
    line: 4
    character: 19
  token_type:
    type: Whitespace
    characters: " "
- start_position:
    bytes: 60
    line: 4
    character: 19
  end_position:
    bytes: 61
    line: 4
    character: 20
  token_type:
    type: Symbol
    symbol: "["
- start_position:
    bytes: 61
    line: 4
    character: 20
  end_position:
    bytes: 67
    line: 4
    character: 26
  token_type:
    type: Identifier
    identifier: number
- start_position:
    bytes: 67
    line: 4
    character: 26
  end_position:
    bytes: 68
    line: 4
    character: 27
  token_type:
    type: Symbol
    symbol: "]"
- start_position:
    bytes: 68
    line: 4
    character: 27
  end_position:
    bytes: 69
    line: 4
    character: 28
  token_type:
    type: Symbol
    symbol: ":"
- start_position:
    bytes: 69
    line: 4
    character: 28
  end_position:
    bytes: 70
    line: 4
    character: 29
  token_type:
    type: Whitespace
    characters: " "
- start_position:
    bytes: 70
    line: 4
    character: 29
  end_position:
    bytes: 71
    line: 4
    character: 30
  token_type:
    type: Identifier
    identifier: T
- start_position:
    bytes: 71
    line: 4
    character: 30
  end_position:
    bytes: 72
    line: 4
    character: 31
  token_type:
    type: Whitespace
    characters: " "
- start_position:
    bytes: 72
    line: 4
    character: 31
  end_position:
    bytes: 73
    line: 4
    character: 32
  token_type:
    type: Symbol
    symbol: "}"
- start_position:
    bytes: 73
    line: 4
    character: 32
  end_position:
    bytes: 74
    line: 4
    character: 32
  token_type:
    type: Whitespace
    characters: "\n"
- start_position:
    bytes: 74
    line: 5
    character: 1
  end_position:
    bytes: 78
    line: 5
    character: 5
  token_type:
    type: Identifier
    identifier: type
- start_position:
    bytes: 78
    line: 5
    character: 5
  end_position:
    bytes: 79
    line: 5
    character: 6
  token_type:
    type: Whitespace
    characters: " "
- start_position:
    bytes: 79
    line: 5
    character: 6
  end_position:
    bytes: 82
    line: 5
    character: 9
  token_type:
    type: Identifier
    identifier: Map
- start_position:
    bytes: 82
    line: 5
    character: 9
  end_position:
    bytes: 83
    line: 5
    character: 10
  token_type:
    type: Symbol
    symbol: "<"
- start_position:
    bytes: 83
    line: 5
    character: 10
  end_position:
    bytes: 84
    line: 5
    character: 11
  token_type:
    type: Identifier
    identifier: K
- start_position:
    bytes: 84
    line: 5
    character: 11
  end_position:
    bytes: 85
    line: 5
    character: 12
  token_type:
    type: Symbol
    symbol: ","
- start_position:
    bytes: 85
    line: 5
    character: 12
  end_position:
    bytes: 86
    line: 5
    character: 13
  token_type:
    type: Whitespace
    characters: " "
- start_position:
    bytes: 86
    line: 5
    character: 13
  end_position:
    bytes: 87
    line: 5
    character: 14
  token_type:
    type: Identifier
    identifier: V
- start_position:
    bytes: 87
    line: 5
    character: 14
  end_position:
    bytes: 88
    line: 5
    character: 15
  token_type:
    type: Symbol
    symbol: ">"
- start_position:
    bytes: 88
    line: 5
    character: 15
  end_position:
    bytes: 89
    line: 5
    character: 16
  token_type:
    type: Whitespace
    characters: " "
- start_position:
    bytes: 89
    line: 5
    character: 16
  end_position:
    bytes: 90
    line: 5
    character: 17
  token_type:
    type: Symbol
    symbol: "="
- start_position:
    bytes: 90
    line: 5
    character: 17
  end_position:
    bytes: 91
    line: 5
    character: 18
  token_type:
    type: Whitespace
    characters: " "
- start_position:
    bytes: 91
    line: 5
    character: 18
  end_position:
    bytes: 92
    line: 5
    character: 19
  token_type:
    type: Symbol
    symbol: "{"
- start_position:
    bytes: 92
    line: 5
    character: 19
  end_position:
    bytes: 93
    line: 5
    character: 20
  token_type:
    type: Whitespace
    characters: " "
- start_position:
    bytes: 93
    line: 5
    character: 20
  end_position:
    bytes: 94
    line: 5
    character: 21
  token_type:
    type: Symbol
    symbol: "["
- start_position:
    bytes: 94
    line: 5
    character: 21
  end_position:
    bytes: 95
    line: 5
    character: 22
  token_type:
    type: Identifier
    identifier: K
- start_position:
    bytes: 95
    line: 5
    character: 22
  end_position:
    bytes: 96
    line: 5
    character: 23
  token_type:
    type: Symbol
    symbol: "]"
- start_position:
    bytes: 96
    line: 5
    character: 23
  end_position:
    bytes: 97
    line: 5
    character: 24
  token_type:
    type: Symbol
    symbol: ":"
- start_position:
    bytes: 97
    line: 5
    character: 24
  end_position:
    bytes: 98
    line: 5
    character: 25
  token_type:
    type: Whitespace
    characters: " "
- start_position:
    bytes: 98
    line: 5
    character: 25
  end_position:
    bytes: 99
    line: 5
    character: 26
  token_type:
    type: Identifier
    identifier: V
- start_position:
    bytes: 99
    line: 5
    character: 26
  end_position:
    bytes: 100
    line: 5
    character: 27
  token_type:
    type: Whitespace
    characters: " "
- start_position:
    bytes: 100
    line: 5
    character: 27
  end_position:
    bytes: 101
    line: 5
    character: 28
  token_type:
    type: Symbol
    symbol: "}"
- start_position:
    bytes: 101
    line: 5
    character: 28
  end_position:
    bytes: 102
    line: 5
    character: 28
  token_type:
    type: Whitespace
    characters: "\n"
- start_position:
    bytes: 102
    line: 6
    character: 1
  end_position:
    bytes: 106
    line: 6
    character: 5
  token_type:
    type: Identifier
    identifier: type
- start_position:
    bytes: 106
    line: 6
    character: 5
  end_position:
    bytes: 107
    line: 6
    character: 6
  token_type:
    type: Whitespace
    characters: " "
- start_position:
    bytes: 107
    line: 6
    character: 6
  end_position:
    bytes: 115
    line: 6
    character: 14
  token_type:
    type: Identifier
    identifier: Function
- start_position:
    bytes: 115
    line: 6
    character: 14
  end_position:
    bytes: 116
    line: 6
    character: 15
  token_type:
    type: Symbol
    symbol: "<"
- start_position:
    bytes: 116
    line: 6
    character: 15
  end_position:
    bytes: 117
    line: 6
    character: 16
  token_type:
    type: Identifier
    identifier: T
- start_position:
    bytes: 117
    line: 6
    character: 16
  end_position:
    bytes: 118
    line: 6
    character: 17
  token_type:
    type: Symbol
    symbol: ">"
- start_position:
    bytes: 118
    line: 6
    character: 17
  end_position:
    bytes: 119
    line: 6
    character: 18
  token_type:
    type: Whitespace
    characters: " "
- start_position:
    bytes: 119
    line: 6
    character: 18
  end_position:
    bytes: 120
    line: 6
    character: 19
  token_type:
    type: Symbol
    symbol: "="
- start_position:
    bytes: 120
    line: 6
    character: 19
  end_position:
    bytes: 121
    line: 6
    character: 20
  token_type:
    type: Whitespace
    characters: " "
- start_position:
    bytes: 121
    line: 6
    character: 20
  end_position:
    bytes: 122
    line: 6
    character: 21
  token_type:
    type: Symbol
    symbol: (
- start_position:
    bytes: 122
    line: 6
    character: 21
  end_position:
    bytes: 125
    line: 6
    character: 24
  token_type:
    type: Symbol
    symbol: "..."
- start_position:
    bytes: 125
    line: 6
    character: 24
  end_position:
    bytes: 128
    line: 6
    character: 27
  token_type:
    type: Identifier
    identifier: any
- start_position:
    bytes: 128
    line: 6
    character: 27
  end_position:
    bytes: 129
    line: 6
    character: 28
  token_type:
    type: Symbol
    symbol: )
- start_position:
    bytes: 129
    line: 6
    character: 28
  end_position:
    bytes: 130
    line: 6
    character: 29
  token_type:
    type: Whitespace
    characters: " "
- start_position:
    bytes: 130
    line: 6
    character: 29
  end_position:
    bytes: 132
    line: 6
    character: 31
  token_type:
    type: Symbol
    symbol: "->"
- start_position:
    bytes: 132
    line: 6
    character: 31
  end_position:
    bytes: 133
    line: 6
    character: 32
  token_type:
    type: Whitespace
    characters: " "
- start_position:
    bytes: 133
    line: 6
    character: 32
  end_position:
    bytes: 136
    line: 6
    character: 35
  token_type:
    type: Symbol
    symbol: "..."
- start_position:
    bytes: 136
    line: 6
    character: 35
  end_position:
    bytes: 137
    line: 6
    character: 36
  token_type:
    type: Identifier
    identifier: T
- start_position:
    bytes: 137
    line: 6
    character: 36
  end_position:
    bytes: 138
    line: 6
    character: 36
  token_type:
    type: Whitespace
    characters: "\n"
- start_position:
    bytes: 138
    line: 7
    character: 1
  end_position:
    bytes: 142
    line: 7
    character: 5
  token_type:
    type: Identifier
    identifier: type
- start_position:
    bytes: 142
    line: 7
    character: 5
  end_position:
    bytes: 143
    line: 7
    character: 6
  token_type:
    type: Whitespace
    characters: " "
- start_position:
    bytes: 143
    line: 7
    character: 6
  end_position:
    bytes: 149
    line: 7
    character: 12
  token_type:
    type: Identifier
    identifier: Object
- start_position:
    bytes: 149
    line: 7
    character: 12
  end_position:
    bytes: 150
    line: 7
    character: 13
  token_type:
    type: Whitespace
    characters: " "
- start_position:
    bytes: 150
    line: 7
    character: 13
  end_position:
    bytes: 151
    line: 7
    character: 14
  token_type:
    type: Symbol
    symbol: "="
- start_position:
    bytes: 151
    line: 7
    character: 14
  end_position:
    bytes: 152
    line: 7
    character: 15
  token_type:
    type: Whitespace
    characters: " "
- start_position:
    bytes: 152
    line: 7
    character: 15
  end_position:
    bytes: 153
    line: 7
    character: 16
  token_type:
    type: Symbol
    symbol: "{"
- start_position:
    bytes: 153
    line: 7
    character: 16
  end_position:
    bytes: 154
    line: 7
    character: 17
  token_type:
    type: Whitespace
    characters: " "
- start_position:
    bytes: 154
    line: 7
    character: 17
  end_position:
    bytes: 155
    line: 7
    character: 18
  token_type:
    type: Identifier
    identifier: x
- start_position:
    bytes: 155
    line: 7
    character: 18
  end_position:
    bytes: 156
    line: 7
    character: 19
  token_type:
    type: Symbol
    symbol: ":"
- start_position:
    bytes: 156
    line: 7
    character: 19
  end_position:
    bytes: 157
    line: 7
    character: 20
  token_type:
    type: Whitespace
    characters: " "
- start_position:
    bytes: 157
    line: 7
    character: 20
  end_position:
    bytes: 163
    line: 7
    character: 26
  token_type:
    type: Identifier
    identifier: number
- start_position:
    bytes: 163
    line: 7
    character: 26
  end_position:
    bytes: 164
    line: 7
    character: 27
  token_type:
    type: Symbol
    symbol: ","
- start_position:
    bytes: 164
    line: 7
    character: 27
  end_position:
    bytes: 165
    line: 7
    character: 28
  token_type:
    type: Whitespace
    characters: " "
- start_position:
    bytes: 165
    line: 7
    character: 28
  end_position:
    bytes: 166
    line: 7
    character: 29
  token_type:
    type: Identifier
    identifier: y
- start_position:
    bytes: 166
    line: 7
    character: 29
  end_position:
    bytes: 167
    line: 7
    character: 30
  token_type:
    type: Symbol
    symbol: ":"
- start_position:
    bytes: 167
    line: 7
    character: 30
  end_position:
    bytes: 168
    line: 7
    character: 31
  token_type:
    type: Whitespace
    characters: " "
- start_position:
    bytes: 168
    line: 7
    character: 31
  end_position:
    bytes: 174
    line: 7
    character: 37
  token_type:
    type: Identifier
    identifier: number
- start_position:
    bytes: 174
    line: 7
    character: 37
  end_position:
    bytes: 175
    line: 7
    character: 38
  token_type:
    type: Whitespace
    characters: " "
- start_position:
    bytes: 175
    line: 7
    character: 38
  end_position:
    bytes: 176
    line: 7
    character: 39
  token_type:
    type: Symbol
    symbol: "}"
- start_position:
    bytes: 176
    line: 7
    character: 39
  end_position:
    bytes: 177
    line: 7
    character: 39
  token_type:
    type: Whitespace
    characters: "\n"
- start_position:
    bytes: 177
    line: 8
    character: 1
  end_position:
    bytes: 181
    line: 8
    character: 5
  token_type:
    type: Identifier
    identifier: type
- start_position:
    bytes: 181
    line: 8
    character: 5
  end_position:
    bytes: 182
    line: 8
    character: 6
  token_type:
    type: Whitespace
    characters: " "
- start_position:
    bytes: 182
    line: 8
    character: 6
  end_position:
    bytes: 188
    line: 8
    character: 12
  token_type:
    type: Identifier
    identifier: Typeof
- start_position:
    bytes: 188
    line: 8
    character: 12
  end_position:
    bytes: 189
    line: 8
    character: 13
  token_type:
    type: Whitespace
    characters: " "
- start_position:
    bytes: 189
    line: 8
    character: 13
  end_position:
    bytes: 190
    line: 8
    character: 14
  token_type:
    type: Symbol
    symbol: "="
- start_position:
    bytes: 190
    line: 8
    character: 14
  end_position:
    bytes: 191
    line: 8
    character: 15
  token_type:
    type: Whitespace
    characters: " "
- start_position:
    bytes: 191
    line: 8
    character: 15
  end_position:
    bytes: 197
    line: 8
    character: 21
  token_type:
    type: Identifier
    identifier: typeof
- start_position:
    bytes: 197
    line: 8
    character: 21
  end_position:
    bytes: 198
    line: 8
    character: 22
  token_type:
    type: Symbol
    symbol: (
- start_position:
    bytes: 198
    line: 8
    character: 22
  end_position:
    bytes: 199
    line: 8
    character: 23
  token_type:
    type: Number
    text: "2"
- start_position:
    bytes: 199
    line: 8
    character: 23
  end_position:
    bytes: 200
    line: 8
    character: 24
  token_type:
    type: Whitespace
    characters: " "
- start_position:
    bytes: 200
    line: 8
    character: 24
  end_position:
    bytes: 201
    line: 8
    character: 25
  token_type:
    type: Symbol
    symbol: +
- start_position:
    bytes: 201
    line: 8
    character: 25
  end_position:
    bytes: 202
    line: 8
    character: 26
  token_type:
    type: Whitespace
    characters: " "
- start_position:
    bytes: 202
    line: 8
    character: 26
  end_position:
    bytes: 203
    line: 8
    character: 27
  token_type:
    type: Number
    text: "2"
- start_position:
    bytes: 203
    line: 8
    character: 27
  end_position:
    bytes: 204
    line: 8
    character: 28
  token_type:
    type: Whitespace
    characters: " "
- start_position:
    bytes: 204
    line: 8
    character: 28
  end_position:
    bytes: 205
    line: 8
    character: 29
  token_type:
    type: Symbol
    symbol: +
- start_position:
    bytes: 205
    line: 8
    character: 29
  end_position:
    bytes: 206
    line: 8
    character: 30
  token_type:
    type: Whitespace
    characters: " "
- start_position:
    bytes: 206
    line: 8
    character: 30
  end_position:
    bytes: 210
    line: 8
    character: 34
  token_type:
    type: Identifier
    identifier: _fn3
- start_position:
    bytes: 210
    line: 8
    character: 34
  end_position:
    bytes: 211
    line: 8
    character: 35
  token_type:
    type: Symbol
    symbol: (
- start_position:
    bytes: 211
    line: 8
    character: 35
  end_position:
    bytes: 212
    line: 8
    character: 36
  token_type:
    type: Symbol
    symbol: )
- start_position:
    bytes: 212
    line: 8
    character: 36
  end_position:
    bytes: 213
    line: 8
    character: 37
  token_type:
    type: Symbol
    symbol: )
- start_position:
    bytes: 213
    line: 8
    character: 37
  end_position:
    bytes: 214
    line: 8
    character: 37
  token_type:
    type: Whitespace
    characters: "\n"
- start_position:
    bytes: 214
    line: 9
    character: 1
  end_position:
    bytes: 218
    line: 9
    character: 5
  token_type:
    type: Identifier
    identifier: type
- start_position:
    bytes: 218
    line: 9
    character: 5
  end_position:
    bytes: 219
    line: 9
    character: 6
  token_type:
    type: Whitespace
    characters: " "
- start_position:
    bytes: 219
    line: 9
    character: 6
  end_position:
    bytes: 230
    line: 9
    character: 17
  token_type:
    type: Identifier
    identifier: FetchResult
- start_position:
    bytes: 230
    line: 9
    character: 17
  end_position:
    bytes: 231
    line: 9
    character: 18
  token_type:
    type: Whitespace
    characters: " "
- start_position:
    bytes: 231
    line: 9
    character: 18
  end_position:
    bytes: 232
    line: 9
    character: 19
  token_type:
    type: Symbol
    symbol: "="
- start_position:
    bytes: 232
    line: 9
    character: 19
  end_position:
    bytes: 233
    line: 9
    character: 20
  token_type:
    type: Whitespace
    characters: " "
- start_position:
    bytes: 233
    line: 9
    character: 20
  end_position:
    bytes: 240
    line: 9
    character: 27
  token_type:
    type: StringLiteral
    literal: alice
    quote_type: Double
- start_position:
    bytes: 240
    line: 9
    character: 27
  end_position:
    bytes: 241
    line: 9
    character: 28
  token_type:
    type: Whitespace
    characters: " "
- start_position:
    bytes: 241
    line: 9
    character: 28
  end_position:
    bytes: 242
    line: 9
    character: 29
  token_type:
    type: Symbol
    symbol: "|"
- start_position:
    bytes: 242
    line: 9
    character: 29
  end_position:
    bytes: 243
    line: 9
    character: 30
  token_type:
    type: Whitespace
    characters: " "
- start_position:
    bytes: 243
    line: 9
    character: 30
  end_position:
    bytes: 251
    line: 9
    character: 38
  token_type:
    type: StringLiteral
    literal: mallet
    quote_type: Double
- start_position:
    bytes: 251
    line: 9
    character: 38
  end_position:
    bytes: 252
    line: 9
    character: 38
  token_type:
    type: Whitespace
    characters: "\n"
- start_position:
    bytes: 252
    line: 10
    character: 1
  end_position:
    bytes: 256
    line: 10
    character: 5
  token_type:
    type: Identifier
    identifier: type
- start_position:
    bytes: 256
    line: 10
    character: 5
  end_position:
    bytes: 257
    line: 10
    character: 6
  token_type:
    type: Whitespace
    characters: " "
- start_position:
    bytes: 257
    line: 10
    character: 6
  end_position:
    bytes: 264
    line: 10
    character: 13
  token_type:
    type: Identifier
    identifier: Element
- start_position:
    bytes: 264
    line: 10
    character: 13
  end_position:
    bytes: 265
    line: 10
    character: 14
  token_type:
    type: Whitespace
    characters: " "
- start_position:
    bytes: 265
    line: 10
    character: 14
  end_position:
    bytes: 266
    line: 10
    character: 15
  token_type:
    type: Symbol
    symbol: "="
- start_position:
    bytes: 266
    line: 10
    character: 15
  end_position:
    bytes: 267
    line: 10
    character: 16
  token_type:
    type: Whitespace
    characters: " "
- start_position:
    bytes: 267
    line: 10
    character: 16
  end_position:
    bytes: 268
    line: 10
    character: 17
  token_type:
    type: Symbol
    symbol: "{"
- start_position:
    bytes: 268
    line: 10
    character: 17
  end_position:
    bytes: 269
    line: 10
    character: 18
  token_type:
    type: Whitespace
    characters: " "
- start_position:
    bytes: 269
    line: 10
    character: 18
  end_position:
    bytes: 270
    line: 10
    character: 19
  token_type:
    type: Symbol
    symbol: "["
- start_position:
    bytes: 270
    line: 10
    character: 19
  end_position:
    bytes: 280
    line: 10
    character: 29
  token_type:
    type: StringLiteral
    literal: $$typeof
    quote_type: Double
- start_position:
    bytes: 280
    line: 10
    character: 29
  end_position:
    bytes: 281
    line: 10
    character: 30
  token_type:
    type: Symbol
    symbol: "]"
- start_position:
    bytes: 281
    line: 10
    character: 30
  end_position:
    bytes: 282
    line: 10
    character: 31
  token_type:
    type: Symbol
    symbol: ":"
- start_position:
    bytes: 282
    line: 10
    character: 31
  end_position:
    bytes: 283
    line: 10
    character: 32
  token_type:
    type: Whitespace
    characters: " "
- start_position:
    bytes: 283
    line: 10
    character: 32
  end_position:
    bytes: 289
    line: 10
    character: 38
  token_type:
    type: Identifier
    identifier: number
- start_position:
    bytes: 289
    line: 10
    character: 38
  end_position:
    bytes: 290
    line: 10
    character: 39
  token_type:
    type: Whitespace
    characters: " "
- start_position:
    bytes: 290
    line: 10
    character: 39
  end_position:
    bytes: 291
    line: 10
    character: 40
  token_type:
    type: Symbol
    symbol: "}"
- start_position:
    bytes: 291
    line: 10
    character: 40
  end_position:
    bytes: 292
    line: 10
    character: 40
  token_type:
    type: Whitespace
    characters: "\n"
- start_position:
    bytes: 292
    line: 11
    character: 1
  end_position:
    bytes: 293
    line: 11
    character: 1
  token_type:
    type: Whitespace
    characters: "\n"
- start_position:
    bytes: 293
    line: 12
    character: 1
  end_position:
    bytes: 297
    line: 12
    character: 5
  token_type:
    type: Identifier
    identifier: type
- start_position:
    bytes: 297
    line: 12
    character: 5
  end_position:
    bytes: 298
    line: 12
    character: 6
  token_type:
    type: Whitespace
    characters: " "
- start_position:
    bytes: 298
    line: 12
    character: 6
  end_position:
    bytes: 307
    line: 12
    character: 15
  token_type:
    type: Identifier
    identifier: Callback1
- start_position:
    bytes: 307
    line: 12
    character: 15
  end_position:
    bytes: 308
    line: 12
    character: 16
  token_type:
    type: Whitespace
    characters: " "
- start_position:
    bytes: 308
    line: 12
    character: 16
  end_position:
    bytes: 309
    line: 12
    character: 17
  token_type:
    type: Symbol
    symbol: "="
- start_position:
    bytes: 309
    line: 12
    character: 17
  end_position:
    bytes: 310
    line: 12
    character: 18
  token_type:
    type: Whitespace
    characters: " "
- start_position:
    bytes: 310
    line: 12
    character: 18
  end_position:
    bytes: 311
    line: 12
    character: 19
  token_type:
    type: Symbol
    symbol: (
- start_position:
    bytes: 311
    line: 12
    character: 19
  end_position:
    bytes: 317
    line: 12
    character: 25
  token_type:
    type: Identifier
    identifier: string
- start_position:
    bytes: 317
    line: 12
    character: 25
  end_position:
    bytes: 318
    line: 12
    character: 26
  token_type:
    type: Symbol
    symbol: )
- start_position:
    bytes: 318
    line: 12
    character: 26
  end_position:
    bytes: 319
    line: 12
    character: 27
  token_type:
    type: Whitespace
    characters: " "
- start_position:
    bytes: 319
    line: 12
    character: 27
  end_position:
    bytes: 321
    line: 12
    character: 29
  token_type:
    type: Symbol
    symbol: "->"
- start_position:
    bytes: 321
    line: 12
    character: 29
  end_position:
    bytes: 322
    line: 12
    character: 30
  token_type:
    type: Whitespace
    characters: " "
- start_position:
    bytes: 322
    line: 12
    character: 30
  end_position:
    bytes: 328
    line: 12
    character: 36
  token_type:
    type: Identifier
    identifier: number
- start_position:
    bytes: 328
    line: 12
    character: 36
  end_position:
    bytes: 329
    line: 12
    character: 36
  token_type:
    type: Whitespace
    characters: "\n"
- start_position:
    bytes: 329
    line: 13
    character: 1
  end_position:
    bytes: 333
    line: 13
    character: 5
  token_type:
    type: Identifier
    identifier: type
- start_position:
    bytes: 333
    line: 13
    character: 5
  end_position:
    bytes: 334
    line: 13
    character: 6
  token_type:
    type: Whitespace
    characters: " "
- start_position:
    bytes: 334
    line: 13
    character: 6
  end_position:
    bytes: 343
    line: 13
    character: 15
  token_type:
    type: Identifier
    identifier: Callback2
- start_position:
    bytes: 343
    line: 13
    character: 15
  end_position:
    bytes: 344
    line: 13
    character: 16
  token_type:
    type: Whitespace
    characters: " "
- start_position:
    bytes: 344
    line: 13
    character: 16
  end_position:
    bytes: 345
    line: 13
    character: 17
  token_type:
    type: Symbol
    symbol: "="
- start_position:
    bytes: 345
    line: 13
    character: 17
  end_position:
    bytes: 346
    line: 13
    character: 18
  token_type:
    type: Whitespace
    characters: " "
- start_position:
    bytes: 346
    line: 13
    character: 18
  end_position:
    bytes: 347
    line: 13
    character: 19
  token_type:
    type: Symbol
    symbol: (
- start_position:
    bytes: 347
    line: 13
    character: 19
  end_position:
    bytes: 353
    line: 13
    character: 25
  token_type:
    type: Identifier
    identifier: string
- start_position:
    bytes: 353
    line: 13
    character: 25
  end_position:
    bytes: 354
    line: 13
    character: 26
  token_type:
    type: Symbol
    symbol: ","
- start_position:
    bytes: 354
    line: 13
    character: 26
  end_position:
    bytes: 355
    line: 13
    character: 27
  token_type:
    type: Whitespace
    characters: " "
- start_position:
    bytes: 355
    line: 13
    character: 27
  end_position:
    bytes: 361
    line: 13
    character: 33
  token_type:
    type: Identifier
    identifier: string
- start_position:
    bytes: 361
    line: 13
    character: 33
  end_position:
    bytes: 362
    line: 13
    character: 34
  token_type:
    type: Symbol
    symbol: )
- start_position:
    bytes: 362
    line: 13
    character: 34
  end_position:
    bytes: 363
    line: 13
    character: 35
  token_type:
    type: Whitespace
    characters: " "
- start_position:
    bytes: 363
    line: 13
    character: 35
  end_position:
    bytes: 365
    line: 13
    character: 37
  token_type:
    type: Symbol
    symbol: "->"
- start_position:
    bytes: 365
    line: 13
    character: 37
  end_position:
    bytes: 366
    line: 13
    character: 38
  token_type:
    type: Whitespace
    characters: " "
- start_position:
    bytes: 366
    line: 13
    character: 38
  end_position:
    bytes: 372
    line: 13
    character: 44
  token_type:
    type: Identifier
    identifier: number
- start_position:
    bytes: 372
    line: 13
    character: 44
  end_position:
    bytes: 373
    line: 13
    character: 44
  token_type:
    type: Whitespace
    characters: "\n"
- start_position:
    bytes: 373
    line: 14
    character: 1
  end_position:
    bytes: 377
    line: 14
    character: 5
  token_type:
    type: Identifier
    identifier: type
- start_position:
    bytes: 377
    line: 14
    character: 5
  end_position:
    bytes: 378
    line: 14
    character: 6
  token_type:
    type: Whitespace
    characters: " "
- start_position:
    bytes: 378
    line: 14
    character: 6
  end_position:
    bytes: 387
    line: 14
    character: 15
  token_type:
    type: Identifier
    identifier: Callback3
- start_position:
    bytes: 387
    line: 14
    character: 15
  end_position:
    bytes: 388
    line: 14
    character: 16
  token_type:
    type: Whitespace
    characters: " "
- start_position:
    bytes: 388
    line: 14
    character: 16
  end_position:
    bytes: 389
    line: 14
    character: 17
  token_type:
    type: Symbol
    symbol: "="
- start_position:
    bytes: 389
    line: 14
    character: 17
  end_position:
    bytes: 390
    line: 14
    character: 18
  token_type:
    type: Whitespace
    characters: " "
- start_position:
    bytes: 390
    line: 14
    character: 18
  end_position:
    bytes: 391
    line: 14
    character: 19
  token_type:
    type: Symbol
    symbol: (
- start_position:
    bytes: 391
    line: 14
    character: 19
  end_position:
    bytes: 397
    line: 14
    character: 25
  token_type:
    type: Identifier
    identifier: string
- start_position:
    bytes: 397
    line: 14
    character: 25
  end_position:
    bytes: 398
    line: 14
    character: 26
  token_type:
    type: Symbol
    symbol: ","
- start_position:
    bytes: 398
    line: 14
    character: 26
  end_position:
    bytes: 399
    line: 14
    character: 27
  token_type:
    type: Whitespace
    characters: " "
- start_position:
    bytes: 399
    line: 14
    character: 27
  end_position:
    bytes: 405
    line: 14
    character: 33
  token_type:
    type: Identifier
    identifier: string
- start_position:
    bytes: 405
    line: 14
    character: 33
  end_position:
    bytes: 406
    line: 14
    character: 34
  token_type:
    type: Symbol
    symbol: )
- start_position:
    bytes: 406
    line: 14
    character: 34
  end_position:
    bytes: 407
    line: 14
    character: 35
  token_type:
    type: Whitespace
    characters: " "
- start_position:
    bytes: 407
    line: 14
    character: 35
  end_position:
    bytes: 409
    line: 14
    character: 37
  token_type:
    type: Symbol
    symbol: "->"
- start_position:
    bytes: 409
    line: 14
    character: 37
  end_position:
    bytes: 410
    line: 14
    character: 38
  token_type:
    type: Whitespace
    characters: " "
- start_position:
    bytes: 410
    line: 14
    character: 38
  end_position:
    bytes: 411
    line: 14
    character: 39
  token_type:
    type: Symbol
    symbol: (
- start_position:
    bytes: 411
    line: 14
    character: 39
  end_position:
    bytes: 417
    line: 14
    character: 45
  token_type:
    type: Identifier
    identifier: string
- start_position:
    bytes: 417
    line: 14
    character: 45
  end_position:
    bytes: 418
    line: 14
    character: 46
  token_type:
    type: Symbol
    symbol: ","
- start_position:
    bytes: 418
    line: 14
    character: 46
  end_position:
    bytes: 419
    line: 14
    character: 47
  token_type:
    type: Whitespace
    characters: " "
- start_position:
    bytes: 419
    line: 14
    character: 47
  end_position:
    bytes: 422
    line: 14
    character: 50
  token_type:
    type: Symbol
    symbol: nil
- start_position:
    bytes: 422
    line: 14
    character: 50
  end_position:
    bytes: 423
    line: 14
    character: 51
  token_type:
    type: Symbol
    symbol: )
- start_position:
    bytes: 423
    line: 14
    character: 51
  end_position:
    bytes: 424
    line: 14
    character: 51
  token_type:
    type: Whitespace
    characters: "\n"
- start_position:
    bytes: 424
    line: 15
    character: 1
  end_position:
    bytes: 428
    line: 15
    character: 5
  token_type:
    type: Identifier
    identifier: type
- start_position:
    bytes: 428
    line: 15
    character: 5
  end_position:
    bytes: 429
    line: 15
    character: 6
  token_type:
    type: Whitespace
    characters: " "
- start_position:
    bytes: 429
    line: 15
    character: 6
  end_position:
    bytes: 439
    line: 15
    character: 16
  token_type:
    type: Identifier
    identifier: Callback3a
- start_position:
    bytes: 439
    line: 15
    character: 16
  end_position:
    bytes: 440
    line: 15
    character: 17
  token_type:
    type: Whitespace
    characters: " "
- start_position:
    bytes: 440
    line: 15
    character: 17
  end_position:
    bytes: 441
    line: 15
    character: 18
  token_type:
    type: Symbol
    symbol: "="
- start_position:
    bytes: 441
    line: 15
    character: 18
  end_position:
    bytes: 442
    line: 15
    character: 19
  token_type:
    type: Whitespace
    characters: " "
- start_position:
    bytes: 442
    line: 15
    character: 19
  end_position:
    bytes: 443
    line: 15
    character: 20
  token_type:
    type: Symbol
    symbol: (
- start_position:
    bytes: 443
    line: 15
    character: 20
  end_position:
    bytes: 449
    line: 15
    character: 26
  token_type:
    type: Identifier
    identifier: string
- start_position:
    bytes: 449
    line: 15
    character: 26
  end_position:
    bytes: 450
    line: 15
    character: 27
  token_type:
    type: Symbol
    symbol: ","
- start_position:
    bytes: 450
    line: 15
    character: 27
  end_position:
    bytes: 451
    line: 15
    character: 28
  token_type:
    type: Whitespace
    characters: " "
- start_position:
    bytes: 451
    line: 15
    character: 28
  end_position:
    bytes: 458
    line: 15
    character: 35
  token_type:
    type: StringLiteral
    literal: error
    quote_type: Double
- start_position:
    bytes: 458
    line: 15
    character: 35
  end_position:
    bytes: 459
    line: 15
    character: 36
  token_type:
    type: Whitespace
    characters: " "
- start_position:
    bytes: 459
    line: 15
    character: 36
  end_position:
    bytes: 460
    line: 15
    character: 37
  token_type:
    type: Symbol
    symbol: "|"
- start_position:
    bytes: 460
    line: 15
    character: 37
  end_position:
    bytes: 461
    line: 15
    character: 38
  token_type:
    type: Whitespace
    characters: " "
- start_position:
    bytes: 461
    line: 15
    character: 38
  end_position:
    bytes: 470
    line: 15
    character: 47
  token_type:
    type: StringLiteral
    literal: success
    quote_type: Double
- start_position:
    bytes: 470
    line: 15
    character: 47
  end_position:
    bytes: 471
    line: 15
    character: 48
  token_type:
    type: Symbol
    symbol: )
- start_position:
    bytes: 471
    line: 15
    character: 48
  end_position:
    bytes: 472
    line: 15
    character: 49
  token_type:
    type: Whitespace
    characters: " "
- start_position:
    bytes: 472
    line: 15
    character: 49
  end_position:
    bytes: 474
    line: 15
    character: 51
  token_type:
    type: Symbol
    symbol: "->"
- start_position:
    bytes: 474
    line: 15
    character: 51
  end_position:
    bytes: 475
    line: 15
    character: 52
  token_type:
    type: Whitespace
    characters: " "
- start_position:
    bytes: 475
    line: 15
    character: 52
  end_position:
    bytes: 476
    line: 15
    character: 53
  token_type:
    type: Symbol
    symbol: (
- start_position:
    bytes: 476
    line: 15
    character: 53
  end_position:
    bytes: 482
    line: 15
    character: 59
  token_type:
    type: Identifier
    identifier: string
- start_position:
    bytes: 482
    line: 15
    character: 59
  end_position:
    bytes: 483
    line: 15
    character: 60
  token_type:
    type: Symbol
    symbol: ","
- start_position:
    bytes: 483
    line: 15
    character: 60
  end_position:
    bytes: 484
    line: 15
    character: 61
  token_type:
    type: Whitespace
    characters: " "
- start_position:
    bytes: 484
    line: 15
    character: 61
  end_position:
    bytes: 492
    line: 15
    character: 69
  token_type:
    type: StringLiteral
    literal: weasel
    quote_type: Double
- start_position:
    bytes: 492
    line: 15
    character: 69
  end_position:
    bytes: 493
    line: 15
    character: 70
  token_type:
    type: Whitespace
    characters: " "
- start_position:
    bytes: 493
    line: 15
    character: 70
  end_position:
    bytes: 494
    line: 15
    character: 71
  token_type:
    type: Symbol
    symbol: "|"
- start_position:
    bytes: 494
    line: 15
    character: 71
  end_position:
    bytes: 495
    line: 15
    character: 72
  token_type:
    type: Whitespace
    characters: " "
- start_position:
    bytes: 495
    line: 15
    character: 72
  end_position:
    bytes: 505
    line: 15
    character: 82
  token_type:
    type: StringLiteral
    literal: basilisk
    quote_type: Double
- start_position:
    bytes: 505
    line: 15
    character: 82
  end_position:
    bytes: 506
    line: 15
    character: 83
  token_type:
    type: Symbol
    symbol: )
- start_position:
    bytes: 506
    line: 15
    character: 83
  end_position:
    bytes: 507
    line: 15
    character: 83
  token_type:
    type: Whitespace
    characters: "\n"
- start_position:
    bytes: 507
    line: 16
    character: 1
  end_position:
    bytes: 511
    line: 16
    character: 5
  token_type:
    type: Identifier
    identifier: type
- start_position:
    bytes: 511
    line: 16
    character: 5
  end_position:
    bytes: 512
    line: 16
    character: 6
  token_type:
    type: Whitespace
    characters: " "
- start_position:
    bytes: 512
    line: 16
    character: 6
  end_position:
    bytes: 521
    line: 16
    character: 15
  token_type:
    type: Identifier
    identifier: Callback4
- start_position:
    bytes: 521
    line: 16
    character: 15
  end_position:
    bytes: 522
    line: 16
    character: 16
  token_type:
    type: Whitespace
    characters: " "
- start_position:
    bytes: 522
    line: 16
    character: 16
  end_position:
    bytes: 523
    line: 16
    character: 17
  token_type:
    type: Symbol
    symbol: "="
- start_position:
    bytes: 523
    line: 16
    character: 17
  end_position:
    bytes: 524
    line: 16
    character: 18
  token_type:
    type: Whitespace
    characters: " "
- start_position:
    bytes: 524
    line: 16
    character: 18
  end_position:
    bytes: 525
    line: 16
    character: 19
  token_type:
    type: Symbol
    symbol: (
- start_position:
    bytes: 525
    line: 16
    character: 19
  end_position:
    bytes: 531
    line: 16
    character: 25
  token_type:
    type: Identifier
    identifier: string
- start_position:
    bytes: 531
    line: 16
    character: 25
  end_position:
    bytes: 532
    line: 16
    character: 26
  token_type:
    type: Symbol
    symbol: )
- start_position:
    bytes: 532
    line: 16
    character: 26
  end_position:
    bytes: 533
    line: 16
    character: 27
  token_type:
    type: Whitespace
    characters: " "
- start_position:
    bytes: 533
    line: 16
    character: 27
  end_position:
    bytes: 535
    line: 16
    character: 29
  token_type:
    type: Symbol
    symbol: "->"
- start_position:
    bytes: 535
    line: 16
    character: 29
  end_position:
    bytes: 536
    line: 16
    character: 30
  token_type:
    type: Whitespace
    characters: " "
- start_position:
    bytes: 536
    line: 16
    character: 30
  end_position:
    bytes: 537
    line: 16
    character: 31
  token_type:
    type: Symbol
    symbol: (
- start_position:
    bytes: 537
    line: 16
    character: 31
  end_position:
    bytes: 543
    line: 16
    character: 37
  token_type:
    type: Identifier
    identifier: string
- start_position:
    bytes: 543
    line: 16
    character: 37
  end_position:
    bytes: 544
    line: 16
    character: 38
  token_type:
    type: Symbol
    symbol: )
- start_position:
    bytes: 544
    line: 16
    character: 38
  end_position:
    bytes: 545
    line: 16
    character: 39
  token_type:
    type: Whitespace
    characters: " "
- start_position:
    bytes: 545
    line: 16
    character: 39
  end_position:
    bytes: 547
    line: 16
    character: 41
  token_type:
    type: Symbol
    symbol: "->"
- start_position:
    bytes: 547
    line: 16
    character: 41
  end_position:
    bytes: 548
    line: 16
    character: 42
  token_type:
    type: Whitespace
    characters: " "
- start_position:
    bytes: 548
    line: 16
    character: 42
  end_position:
    bytes: 549
    line: 16
    character: 43
  token_type:
    type: Symbol
    symbol: (
- start_position:
    bytes: 549
    line: 16
    character: 43
  end_position:
    bytes: 550
    line: 16
    character: 44
  token_type:
    type: Symbol
    symbol: )
- start_position:
    bytes: 550
    line: 16
    character: 44
  end_position:
    bytes: 551
    line: 16
    character: 44
  token_type:
    type: Whitespace
    characters: "\n"
- start_position:
    bytes: 551
    line: 17
    character: 1
  end_position:
    bytes: 552
    line: 17
    character: 1
  token_type:
    type: Whitespace
    characters: "\n"
- start_position:
    bytes: 552
    line: 18
    character: 1
  end_position:
    bytes: 556
    line: 18
    character: 5
  token_type:
    type: Identifier
    identifier: type
- start_position:
    bytes: 556
    line: 18
    character: 5
  end_position:
    bytes: 557
    line: 18
    character: 6
  token_type:
    type: Whitespace
    characters: " "
- start_position:
    bytes: 557
    line: 18
    character: 6
  end_position:
    bytes: 560
    line: 18
    character: 9
  token_type:
    type: Identifier
    identifier: Foo
- start_position:
    bytes: 560
    line: 18
    character: 9
  end_position:
    bytes: 561
    line: 18
    character: 10
  token_type:
    type: Whitespace
    characters: " "
- start_position:
    bytes: 561
    line: 18
    character: 10
  end_position:
    bytes: 562
    line: 18
    character: 11
  token_type:
    type: Symbol
    symbol: "="
- start_position:
    bytes: 562
    line: 18
    character: 11
  end_position:
    bytes: 563
    line: 18
    character: 12
  token_type:
    type: Whitespace
    characters: " "
- start_position:
    bytes: 563
    line: 18
    character: 12
  end_position:
    bytes: 564
    line: 18
    character: 13
  token_type:
    type: Symbol
    symbol: "{"
- start_position:
    bytes: 564
    line: 18
    character: 13
  end_position:
    bytes: 565
    line: 18
    character: 13
  token_type:
    type: Whitespace
    characters: "\n"
- start_position:
    bytes: 565
    line: 19
    character: 1
  end_position:
    bytes: 566
    line: 19
    character: 2
  token_type:
    type: Whitespace
    characters: "\t"
- start_position:
    bytes: 566
    line: 19
    character: 2
  end_position:
    bytes: 569
    line: 19
    character: 5
  token_type:
    type: Identifier
    identifier: bar
- start_position:
    bytes: 569
    line: 19
    character: 5
  end_position:
    bytes: 570
    line: 19
    character: 6
  token_type:
    type: Symbol
    symbol: ":"
- start_position:
    bytes: 570
    line: 19
    character: 6
  end_position:
    bytes: 571
    line: 19
    character: 7
  token_type:
    type: Whitespace
    characters: " "
- start_position:
    bytes: 571
    line: 19
    character: 7
  end_position:
    bytes: 577
    line: 19
    character: 13
  token_type:
    type: Identifier
    identifier: number
- start_position:
    bytes: 577
    line: 19
    character: 13
  end_position:
    bytes: 578
    line: 19
    character: 14
  token_type:
    type: Symbol
    symbol: ","
- start_position:
    bytes: 578
    line: 19
    character: 14
  end_position:
    bytes: 579
    line: 19
    character: 14
  token_type:
    type: Whitespace
    characters: "\n"
- start_position:
    bytes: 579
    line: 20
    character: 1
  end_position:
    bytes: 580
    line: 20
    character: 2
  token_type:
    type: Whitespace
    characters: "\t"
- start_position:
    bytes: 580
    line: 20
    character: 2
  end_position:
    bytes: 583
    line: 20
    character: 5
  token_type:
    type: Identifier
    identifier: baz
- start_position:
    bytes: 583
    line: 20
    character: 5
  end_position:
    bytes: 584
    line: 20
    character: 6
  token_type:
    type: Symbol
    symbol: ":"
- start_position:
    bytes: 584
    line: 20
    character: 6
  end_position:
    bytes: 585
    line: 20
    character: 7
  token_type:
    type: Whitespace
    characters: " "
- start_position:
    bytes: 585
    line: 20
    character: 7
  end_position:
    bytes: 591
    line: 20
    character: 13
  token_type:
    type: Identifier
    identifier: number
- start_position:
    bytes: 591
    line: 20
    character: 13
  end_position:
    bytes: 592
    line: 20
    character: 14
  token_type:
    type: Symbol
    symbol: ","
- start_position:
    bytes: 592
    line: 20
    character: 14
  end_position:
    bytes: 593
    line: 20
    character: 14
  token_type:
    type: Whitespace
    characters: "\n"
- start_position:
    bytes: 593
    line: 21
    character: 1
  end_position:
    bytes: 594
    line: 21
    character: 2
  token_type:
    type: Symbol
    symbol: "}"
- start_position:
    bytes: 594
    line: 21
    character: 2
  end_position:
    bytes: 595
    line: 21
    character: 2
  token_type:
    type: Whitespace
    characters: "\n"
- start_position:
    bytes: 595
    line: 22
    character: 1
  end_position:
    bytes: 596
    line: 22
    character: 1
  token_type:
    type: Whitespace
    characters: "\n"
- start_position:
    bytes: 596
    line: 23
    character: 1
  end_position:
    bytes: 601
    line: 23
    character: 6
  token_type:
    type: Symbol
    symbol: local
- start_position:
    bytes: 601
    line: 23
    character: 6
  end_position:
    bytes: 602
    line: 23
    character: 7
  token_type:
    type: Whitespace
    characters: " "
- start_position:
    bytes: 602
    line: 23
    character: 7
  end_position:
    bytes: 606
    line: 23
    character: 11
  token_type:
    type: Identifier
    identifier: foo0
- start_position:
    bytes: 606
    line: 23
    character: 11
  end_position:
    bytes: 607
    line: 23
    character: 12
  token_type:
    type: Symbol
    symbol: ":"
- start_position:
    bytes: 607
    line: 23
    character: 12
  end_position:
    bytes: 608
    line: 23
    character: 13
  token_type:
    type: Whitespace
    characters: " "
- start_position:
    bytes: 608
    line: 23
    character: 13
  end_position:
    bytes: 614
    line: 23
    character: 19
  token_type:
    type: Identifier
    identifier: number
- start_position:
    bytes: 614
    line: 23
    character: 19
  end_position:
    bytes: 615
    line: 23
    character: 20
  token_type:
    type: Whitespace
    characters: " "
- start_position:
    bytes: 615
    line: 23
    character: 20
  end_position:
    bytes: 616
    line: 23
    character: 21
  token_type:
    type: Symbol
    symbol: "="
- start_position:
    bytes: 616
    line: 23
    character: 21
  end_position:
    bytes: 617
    line: 23
    character: 22
  token_type:
    type: Whitespace
    characters: " "
- start_position:
    bytes: 617
    line: 23
    character: 22
  end_position:
    bytes: 618
    line: 23
    character: 23
  token_type:
    type: Number
    text: "3"
- start_position:
    bytes: 618
    line: 23
    character: 23
  end_position:
    bytes: 619
    line: 23
    character: 23
  token_type:
    type: Whitespace
    characters: "\n"
- start_position:
    bytes: 619
    line: 24
    character: 1
  end_position:
    bytes: 624
    line: 24
    character: 6
  token_type:
    type: Symbol
    symbol: local
- start_position:
    bytes: 624
    line: 24
    character: 6
  end_position:
    bytes: 625
    line: 24
    character: 7
  token_type:
    type: Whitespace
    characters: " "
- start_position:
    bytes: 625
    line: 24
    character: 7
  end_position:
    bytes: 630
    line: 24
    character: 12
  token_type:
    type: Identifier
    identifier: _foo1
- start_position:
    bytes: 630
    line: 24
    character: 12
  end_position:
    bytes: 631
    line: 24
    character: 13
  token_type:
    type: Symbol
    symbol: ":"
- start_position:
    bytes: 631
    line: 24
    character: 13
  end_position:
    bytes: 632
    line: 24
    character: 14
  token_type:
    type: Whitespace
    characters: " "
- start_position:
    bytes: 632
    line: 24
    character: 14
  end_position:
    bytes: 638
    line: 24
    character: 20
  token_type:
    type: Identifier
    identifier: number
- start_position:
    bytes: 638
    line: 24
    character: 20
  end_position:
    bytes: 639
    line: 24
    character: 21
  token_type:
    type: Symbol
    symbol: "?"
- start_position:
    bytes: 639
    line: 24
    character: 21
  end_position:
    bytes: 640
    line: 24
    character: 21
  token_type:
    type: Whitespace
    characters: "\n"
- start_position:
    bytes: 640
    line: 25
    character: 1
  end_position:
    bytes: 645
    line: 25
    character: 6
  token_type:
    type: Symbol
    symbol: local
- start_position:
    bytes: 645
    line: 25
    character: 6
  end_position:
    bytes: 646
    line: 25
    character: 7
  token_type:
    type: Whitespace
    characters: " "
- start_position:
    bytes: 646
    line: 25
    character: 7
  end_position:
    bytes: 651
    line: 25
    character: 12
  token_type:
    type: Identifier
    identifier: _foo2
- start_position:
    bytes: 651
    line: 25
    character: 12
  end_position:
    bytes: 652
    line: 25
    character: 13
  token_type:
    type: Symbol
    symbol: ":"
- start_position:
    bytes: 652
    line: 25
    character: 13
  end_position:
    bytes: 653
    line: 25
    character: 14
  token_type:
    type: Whitespace
    characters: " "
- start_position:
    bytes: 653
    line: 25
    character: 14
  end_position:
    bytes: 658
    line: 25
    character: 19
  token_type:
    type: Identifier
    identifier: Array
- start_position:
    bytes: 658
    line: 25
    character: 19
  end_position:
    bytes: 659
    line: 25
    character: 20
  token_type:
    type: Symbol
    symbol: "<"
- start_position:
    bytes: 659
    line: 25
    character: 20
  end_position:
    bytes: 665
    line: 25
    character: 26
  token_type:
    type: Identifier
    identifier: string
- start_position:
    bytes: 665
    line: 25
    character: 26
  end_position:
    bytes: 666
    line: 25
    character: 27
  token_type:
    type: Symbol
    symbol: ">"
- start_position:
    bytes: 666
    line: 25
    character: 27
  end_position:
    bytes: 667
    line: 25
    character: 27
  token_type:
    type: Whitespace
    characters: "\n"
- start_position:
    bytes: 667
    line: 26
    character: 1
  end_position:
    bytes: 672
    line: 26
    character: 6
  token_type:
    type: Symbol
    symbol: local
- start_position:
    bytes: 672
    line: 26
    character: 6
  end_position:
    bytes: 673
    line: 26
    character: 7
  token_type:
    type: Whitespace
    characters: " "
- start_position:
    bytes: 673
    line: 26
    character: 7
  end_position:
    bytes: 678
    line: 26
    character: 12
  token_type:
    type: Identifier
    identifier: _foo3
- start_position:
    bytes: 678
    line: 26
    character: 12
  end_position:
    bytes: 679
    line: 26
    character: 13
  token_type:
    type: Symbol
    symbol: ":"
- start_position:
    bytes: 679
    line: 26
    character: 13
  end_position:
    bytes: 680
    line: 26
    character: 14
  token_type:
    type: Whitespace
    characters: " "
- start_position:
    bytes: 680
    line: 26
    character: 14
  end_position:
    bytes: 683
    line: 26
    character: 17
  token_type:
    type: Identifier
    identifier: Map
- start_position:
    bytes: 683
    line: 26
    character: 17
  end_position:
    bytes: 684
    line: 26
    character: 18
  token_type:
    type: Symbol
    symbol: "<"
- start_position:
    bytes: 684
    line: 26
    character: 18
  end_position:
    bytes: 690
    line: 26
    character: 24
  token_type:
    type: Identifier
    identifier: number
- start_position:
    bytes: 690
    line: 26
    character: 24
  end_position:
    bytes: 691
    line: 26
    character: 25
  token_type:
    type: Symbol
    symbol: ","
- start_position:
    bytes: 691
    line: 26
    character: 25
  end_position:
    bytes: 692
    line: 26
    character: 26
  token_type:
    type: Whitespace
    characters: " "
- start_position:
    bytes: 692
    line: 26
    character: 26
  end_position:
    bytes: 699
    line: 26
    character: 33
  token_type:
    type: StringLiteral
    literal: allow
    quote_type: Double
- start_position:
    bytes: 699
    line: 26
    character: 33
  end_position:
    bytes: 700
    line: 26
    character: 34
  token_type:
    type: Whitespace
    characters: " "
- start_position:
    bytes: 700
    line: 26
    character: 34
  end_position:
    bytes: 701
    line: 26
    character: 35
  token_type:
    type: Symbol
    symbol: "|"
- start_position:
    bytes: 701
    line: 26
    character: 35
  end_position:
    bytes: 702
    line: 26
    character: 36
  token_type:
    type: Whitespace
    characters: " "
- start_position:
    bytes: 702
    line: 26
    character: 36
  end_position:
    bytes: 708
    line: 26
    character: 42
  token_type:
    type: StringLiteral
    literal: deny
    quote_type: Double
- start_position:
    bytes: 708
    line: 26
    character: 42
  end_position:
    bytes: 709
    line: 26
    character: 43
  token_type:
    type: Symbol
    symbol: ">"
- start_position:
    bytes: 709
    line: 26
    character: 43
  end_position:
    bytes: 710
    line: 26
    character: 43
  token_type:
    type: Whitespace
    characters: "\n"
- start_position:
    bytes: 710
    line: 27
    character: 1
  end_position:
    bytes: 715
    line: 27
    character: 6
  token_type:
    type: Symbol
    symbol: local
- start_position:
    bytes: 715
    line: 27
    character: 6
  end_position:
    bytes: 716
    line: 27
    character: 7
  token_type:
    type: Whitespace
    characters: " "
- start_position:
    bytes: 716
    line: 27
    character: 7
  end_position:
    bytes: 721
    line: 27
    character: 12
  token_type:
    type: Identifier
    identifier: _bar0
- start_position:
    bytes: 721
    line: 27
    character: 12
  end_position:
    bytes: 722
    line: 27
    character: 13
  token_type:
    type: Whitespace
    characters: " "
- start_position:
    bytes: 722
    line: 27
    character: 13
  end_position:
    bytes: 723
    line: 27
    character: 14
  token_type:
    type: Symbol
    symbol: "="
- start_position:
    bytes: 723
    line: 27
    character: 14
  end_position:
    bytes: 724
    line: 27
    character: 15
  token_type:
    type: Whitespace
    characters: " "
- start_position:
    bytes: 724
    line: 27
    character: 15
  end_position:
    bytes: 728
    line: 27
    character: 19
  token_type:
    type: Identifier
    identifier: foo0
- start_position:
    bytes: 728
    line: 27
    character: 19
  end_position:
    bytes: 729
    line: 27
    character: 20
  token_type:
    type: Whitespace
    characters: " "
- start_position:
    bytes: 729
    line: 27
    character: 20
  end_position:
    bytes: 731
    line: 27
    character: 22
  token_type:
    type: Symbol
    symbol: "::"
- start_position:
    bytes: 731
    line: 27
    character: 22
  end_position:
    bytes: 732
    line: 27
    character: 23
  token_type:
    type: Whitespace
    characters: " "
- start_position:
    bytes: 732
    line: 27
    character: 23
  end_position:
    bytes: 738
    line: 27
    character: 29
  token_type:
    type: Identifier
    identifier: number
- start_position:
    bytes: 738
    line: 27
    character: 29
  end_position:
    bytes: 739
    line: 27
    character: 29
  token_type:
    type: Whitespace
    characters: "\n"
- start_position:
    bytes: 739
    line: 28
    character: 1
  end_position:
    bytes: 744
    line: 28
    character: 6
  token_type:
    type: Symbol
    symbol: local
- start_position:
    bytes: 744
    line: 28
    character: 6
  end_position:
    bytes: 745
    line: 28
    character: 7
  token_type:
    type: Whitespace
    characters: " "
- start_position:
    bytes: 745
    line: 28
    character: 7
  end_position:
    bytes: 750
    line: 28
    character: 12
  token_type:
    type: Identifier
    identifier: _foo4
- start_position:
    bytes: 750
    line: 28
    character: 12
  end_position:
    bytes: 751
    line: 28
    character: 13
  token_type:
    type: Symbol
    symbol: ":"
- start_position:
    bytes: 751
    line: 28
    character: 13
  end_position:
    bytes: 752
    line: 28
    character: 14
  token_type:
    type: Whitespace
    characters: " "
- start_position:
    bytes: 752
    line: 28
    character: 14
  end_position:
    bytes: 758
    line: 28
    character: 20
  token_type:
    type: Identifier
    identifier: string
- start_position:
    bytes: 758
    line: 28
    character: 20
  end_position:
    bytes: 759
    line: 28
    character: 21
  token_type:
    type: Symbol
    symbol: ","
- start_position:
    bytes: 759
    line: 28
    character: 21
  end_position:
    bytes: 760
    line: 28
    character: 22
  token_type:
    type: Whitespace
    characters: " "
- start_position:
    bytes: 760
    line: 28
    character: 22
  end_position:
    bytes: 765
    line: 28
    character: 27
  token_type:
    type: Identifier
    identifier: _bar1
- start_position:
    bytes: 765
    line: 28
    character: 27
  end_position:
    bytes: 766
    line: 28
    character: 28
  token_type:
    type: Symbol
    symbol: ":"
- start_position:
    bytes: 766
    line: 28
    character: 28
  end_position:
    bytes: 767
    line: 28
    character: 29
  token_type:
    type: Whitespace
    characters: " "
- start_position:
    bytes: 767
    line: 28
    character: 29
  end_position:
    bytes: 773
    line: 28
    character: 35
  token_type:
    type: Identifier
    identifier: string
- start_position:
    bytes: 773
    line: 28
    character: 35
  end_position:
    bytes: 774
    line: 28
    character: 35
  token_type:
    type: Whitespace
    characters: "\n"
- start_position:
    bytes: 774
    line: 29
    character: 1
  end_position:
    bytes: 775
    line: 29
    character: 1
  token_type:
    type: Whitespace
    characters: "\n"
- start_position:
    bytes: 775
    line: 30
    character: 1
  end_position:
    bytes: 780
    line: 30
    character: 6
  token_type:
    type: Symbol
    symbol: local
- start_position:
    bytes: 780
    line: 30
    character: 6
  end_position:
    bytes: 781
    line: 30
    character: 7
  token_type:
    type: Whitespace
    characters: " "
- start_position:
    bytes: 781
    line: 30
    character: 7
  end_position:
    bytes: 787
    line: 30
    character: 13
  token_type:
    type: Identifier
    identifier: _union
- start_position:
    bytes: 787
    line: 30
    character: 13
  end_position:
    bytes: 788
    line: 30
    character: 14
  token_type:
    type: Symbol
    symbol: ":"
- start_position:
    bytes: 788
    line: 30
    character: 14
  end_position:
    bytes: 789
    line: 30
    character: 15
  token_type:
    type: Whitespace
    characters: " "
- start_position:
    bytes: 789
    line: 30
    character: 15
  end_position:
    bytes: 795
    line: 30
    character: 21
  token_type:
    type: Identifier
    identifier: number
- start_position:
    bytes: 795
    line: 30
    character: 21
  end_position:
    bytes: 796
    line: 30
    character: 22
  token_type:
    type: Whitespace
    characters: " "
- start_position:
    bytes: 796
    line: 30
    character: 22
  end_position:
    bytes: 797
    line: 30
    character: 23
  token_type:
    type: Symbol
    symbol: "|"
- start_position:
    bytes: 797
    line: 30
    character: 23
  end_position:
    bytes: 798
    line: 30
    character: 24
  token_type:
    type: Whitespace
    characters: " "
- start_position:
    bytes: 798
    line: 30
    character: 24
  end_position:
    bytes: 804
    line: 30
    character: 30
  token_type:
    type: Identifier
    identifier: string
- start_position:
    bytes: 804
    line: 30
    character: 30
  end_position:
    bytes: 805
    line: 30
    character: 30
  token_type:
    type: Whitespace
    characters: "\n"
- start_position:
    bytes: 805
    line: 31
    character: 1
  end_position:
    bytes: 810
    line: 31
    character: 6
  token_type:
    type: Symbol
    symbol: local
- start_position:
    bytes: 810
    line: 31
    character: 6
  end_position:
    bytes: 811
    line: 31
    character: 7
  token_type:
    type: Whitespace
    characters: " "
- start_position:
    bytes: 811
    line: 31
    character: 7
  end_position:
    bytes: 822
    line: 31
    character: 18
  token_type:
    type: Identifier
    identifier: _multiUnion
- start_position:
    bytes: 822
    line: 31
    character: 18
  end_position:
    bytes: 823
    line: 31
    character: 19
  token_type:
    type: Symbol
    symbol: ":"
- start_position:
    bytes: 823
    line: 31
    character: 19
  end_position:
    bytes: 824
    line: 31
    character: 20
  token_type:
    type: Whitespace
    characters: " "
- start_position:
    bytes: 824
    line: 31
    character: 20
  end_position:
    bytes: 830
    line: 31
    character: 26
  token_type:
    type: Identifier
    identifier: number
- start_position:
    bytes: 830
    line: 31
    character: 26
  end_position:
    bytes: 831
    line: 31
    character: 27
  token_type:
    type: Whitespace
    characters: " "
- start_position:
    bytes: 831
    line: 31
    character: 27
  end_position:
    bytes: 832
    line: 31
    character: 28
  token_type:
    type: Symbol
    symbol: "|"
- start_position:
    bytes: 832
    line: 31
    character: 28
  end_position:
    bytes: 833
    line: 31
    character: 29
  token_type:
    type: Whitespace
    characters: " "
- start_position:
    bytes: 833
    line: 31
    character: 29
  end_position:
    bytes: 839
    line: 31
    character: 35
  token_type:
    type: Identifier
    identifier: string
- start_position:
    bytes: 839
    line: 31
    character: 35
  end_position:
    bytes: 840
    line: 31
    character: 36
  token_type:
    type: Whitespace
    characters: " "
- start_position:
    bytes: 840
    line: 31
    character: 36
  end_position:
    bytes: 841
    line: 31
    character: 37
  token_type:
    type: Symbol
    symbol: "|"
- start_position:
    bytes: 841
    line: 31
    character: 37
  end_position:
    bytes: 842
    line: 31
    character: 38
  token_type:
    type: Whitespace
    characters: " "
- start_position:
    bytes: 842
    line: 31
    character: 38
  end_position:
    bytes: 845
    line: 31
    character: 41
  token_type:
    type: Symbol
    symbol: nil
- start_position:
    bytes: 845
    line: 31
    character: 41
  end_position:
    bytes: 846
    line: 31
    character: 41
  token_type:
    type: Whitespace
    characters: "\n"
- start_position:
    bytes: 846
    line: 32
    character: 1
  end_position:
    bytes: 847
    line: 32
    character: 1
  token_type:
    type: Whitespace
    characters: "\n"
- start_position:
    bytes: 847
    line: 33
    character: 1
  end_position:
    bytes: 852
    line: 33
    character: 6
  token_type:
    type: Symbol
    symbol: local
- start_position:
    bytes: 852
    line: 33
    character: 6
  end_position:
    bytes: 853
    line: 33
    character: 7
  token_type:
    type: Whitespace
    characters: " "
- start_position:
    bytes: 853
    line: 33
    character: 7
  end_position:
    bytes: 866
    line: 33
    character: 20
  token_type:
    type: Identifier
    identifier: _intersection
- start_position:
    bytes: 866
    line: 33
    character: 20
  end_position:
    bytes: 867
    line: 33
    character: 21
  token_type:
    type: Symbol
    symbol: ":"
- start_position:
    bytes: 867
    line: 33
    character: 21
  end_position:
    bytes: 868
    line: 33
    character: 22
  token_type:
    type: Whitespace
    characters: " "
- start_position:
    bytes: 868
    line: 33
    character: 22
  end_position:
    bytes: 874
    line: 33
    character: 28
  token_type:
    type: Identifier
    identifier: number
- start_position:
    bytes: 874
    line: 33
    character: 28
  end_position:
    bytes: 875
    line: 33
    character: 29
  token_type:
    type: Whitespace
    characters: " "
- start_position:
    bytes: 875
    line: 33
    character: 29
  end_position:
    bytes: 876
    line: 33
    character: 30
  token_type:
    type: Symbol
    symbol: "&"
- start_position:
    bytes: 876
    line: 33
    character: 30
  end_position:
    bytes: 877
    line: 33
    character: 31
  token_type:
    type: Whitespace
    characters: " "
- start_position:
    bytes: 877
    line: 33
    character: 31
  end_position:
    bytes: 883
    line: 33
    character: 37
  token_type:
    type: Identifier
    identifier: string
- start_position:
    bytes: 883
    line: 33
    character: 37
  end_position:
    bytes: 884
    line: 33
    character: 37
  token_type:
    type: Whitespace
    characters: "\n"
- start_position:
    bytes: 884
    line: 34
    character: 1
  end_position:
    bytes: 889
    line: 34
    character: 6
  token_type:
    type: Symbol
    symbol: local
- start_position:
    bytes: 889
    line: 34
    character: 6
  end_position:
    bytes: 890
    line: 34
    character: 7
  token_type:
    type: Whitespace
    characters: " "
- start_position:
    bytes: 890
    line: 34
    character: 7
  end_position:
    bytes: 908
    line: 34
    character: 25
  token_type:
    type: Identifier
    identifier: _multiIntersection
- start_position:
    bytes: 908
    line: 34
    character: 25
  end_position:
    bytes: 909
    line: 34
    character: 26
  token_type:
    type: Symbol
    symbol: ":"
- start_position:
    bytes: 909
    line: 34
    character: 26
  end_position:
    bytes: 910
    line: 34
    character: 27
  token_type:
    type: Whitespace
    characters: " "
- start_position:
    bytes: 910
    line: 34
    character: 27
  end_position:
    bytes: 916
    line: 34
    character: 33
  token_type:
    type: Identifier
    identifier: number
- start_position:
    bytes: 916
    line: 34
    character: 33
  end_position:
    bytes: 917
    line: 34
    character: 34
  token_type:
    type: Whitespace
    characters: " "
- start_position:
    bytes: 917
    line: 34
    character: 34
  end_position:
    bytes: 918
    line: 34
    character: 35
  token_type:
    type: Symbol
    symbol: "&"
- start_position:
    bytes: 918
    line: 34
    character: 35
  end_position:
    bytes: 919
    line: 34
    character: 36
  token_type:
    type: Whitespace
    characters: " "
- start_position:
    bytes: 919
    line: 34
    character: 36
  end_position:
    bytes: 925
    line: 34
    character: 42
  token_type:
    type: Identifier
    identifier: string
- start_position:
    bytes: 925
    line: 34
    character: 42
  end_position:
    bytes: 926
    line: 34
    character: 43
  token_type:
    type: Whitespace
    characters: " "
- start_position:
    bytes: 926
    line: 34
    character: 43
  end_position:
    bytes: 927
    line: 34
    character: 44
  token_type:
    type: Symbol
    symbol: "&"
- start_position:
    bytes: 927
    line: 34
    character: 44
  end_position:
    bytes: 928
    line: 34
    character: 45
  token_type:
    type: Whitespace
    characters: " "
- start_position:
    bytes: 928
    line: 34
    character: 45
  end_position:
    bytes: 931
    line: 34
    character: 48
  token_type:
    type: Symbol
    symbol: nil
- start_position:
    bytes: 931
    line: 34
    character: 48
  end_position:
    bytes: 932
    line: 34
    character: 48
  token_type:
    type: Whitespace
    characters: "\n"
- start_position:
    bytes: 932
    line: 35
    character: 1
  end_position:
    bytes: 933
    line: 35
    character: 1
  token_type:
    type: Whitespace
    characters: "\n"
- start_position:
    bytes: 933
    line: 36
    character: 1
  end_position:
    bytes: 941
    line: 36
    character: 9
  token_type:
    type: Symbol
    symbol: function
- start_position:
    bytes: 941
    line: 36
    character: 9
  end_position:
    bytes: 942
    line: 36
    character: 10
  token_type:
    type: Whitespace
    characters: " "
- start_position:
    bytes: 942
    line: 36
    character: 10
  end_position:
    bytes: 946
    line: 36
    character: 14
  token_type:
    type: Identifier
    identifier: _fn0
- start_position:
    bytes: 946
    line: 36
    character: 14
  end_position:
    bytes: 947
    line: 36
    character: 15
  token_type:
    type: Symbol
    symbol: (
- start_position:
    bytes: 947
    line: 36
    character: 15
  end_position:
    bytes: 952
    line: 36
    character: 20
  token_type:
    type: Identifier
    identifier: param
- start_position:
    bytes: 952
    line: 36
    character: 20
  end_position:
    bytes: 953
    line: 36
    character: 21
  token_type:
    type: Symbol
    symbol: ":"
- start_position:
    bytes: 953
    line: 36
    character: 21
  end_position:
    bytes: 954
    line: 36
    character: 22
  token_type:
    type: Whitespace
    characters: " "
- start_position:
    bytes: 954
    line: 36
    character: 22
  end_position:
    bytes: 960
    line: 36
    character: 28
  token_type:
    type: Identifier
    identifier: string
- start_position:
    bytes: 960
    line: 36
    character: 28
  end_position:
    bytes: 961
    line: 36
    character: 29
  token_type:
    type: Symbol
    symbol: )
- start_position:
    bytes: 961
    line: 36
    character: 29
  end_position:
    bytes: 962
    line: 36
    character: 30
  token_type:
    type: Symbol
    symbol: ":"
- start_position:
    bytes: 962
    line: 36
    character: 30
  end_position:
    bytes: 963
    line: 36
    character: 31
  token_type:
    type: Whitespace
    characters: " "
- start_position:
    bytes: 963
    line: 36
    character: 31
  end_position:
    bytes: 969
    line: 36
    character: 37
  token_type:
    type: Identifier
    identifier: string
- start_position:
    bytes: 969
    line: 36
    character: 37
  end_position:
    bytes: 970
    line: 36
    character: 37
  token_type:
    type: Whitespace
    characters: "\n"
- start_position:
    bytes: 970
    line: 37
    character: 1
  end_position:
    bytes: 971
    line: 37
    character: 2
  token_type:
    type: Whitespace
    characters: "\t"
- start_position:
    bytes: 971
    line: 37
    character: 2
  end_position:
    bytes: 977
    line: 37
    character: 8
  token_type:
    type: Symbol
    symbol: return
- start_position:
    bytes: 977
    line: 37
    character: 8
  end_position:
    bytes: 978
    line: 37
    character: 9
  token_type:
    type: Whitespace
    characters: " "
- start_position:
    bytes: 978
    line: 37
    character: 9
  end_position:
    bytes: 983
    line: 37
    character: 14
  token_type:
    type: Identifier
    identifier: param
- start_position:
    bytes: 983
    line: 37
    character: 14
  end_position:
    bytes: 984
    line: 37
    character: 14
  token_type:
    type: Whitespace
    characters: "\n"
- start_position:
    bytes: 984
    line: 38
    character: 1
  end_position:
    bytes: 987
    line: 38
    character: 4
  token_type:
    type: Symbol
    symbol: end
- start_position:
    bytes: 987
    line: 38
    character: 4
  end_position:
    bytes: 988
    line: 38
    character: 4
  token_type:
    type: Whitespace
    characters: "\n"
- start_position:
    bytes: 988
    line: 39
    character: 1
  end_position:
    bytes: 989
    line: 39
    character: 1
  token_type:
    type: Whitespace
    characters: "\n"
- start_position:
    bytes: 989
    line: 40
    character: 1
  end_position:
    bytes: 997
    line: 40
    character: 9
  token_type:
    type: Symbol
    symbol: function
- start_position:
    bytes: 997
    line: 40
    character: 9
  end_position:
    bytes: 998
    line: 40
    character: 10
  token_type:
    type: Whitespace
    characters: " "
- start_position:
    bytes: 998
    line: 40
    character: 10
  end_position:
    bytes: 1002
    line: 40
    character: 14
  token_type:
    type: Identifier
    identifier: _fn2
- start_position:
    bytes: 1002
    line: 40
    character: 14
  end_position:
    bytes: 1003
    line: 40
    character: 15
  token_type:
    type: Symbol
    symbol: (
- start_position:
    bytes: 1003
    line: 40
    character: 15
  end_position:
    bytes: 1004
    line: 40
    character: 16
  token_type:
    type: Identifier
    identifier: a
- start_position:
    bytes: 1004
    line: 40
    character: 16
  end_position:
    bytes: 1005
    line: 40
    character: 17
  token_type:
    type: Symbol
    symbol: ":"
- start_position:
    bytes: 1005
    line: 40
    character: 17
  end_position:
    bytes: 1006
    line: 40
    character: 18
  token_type:
    type: Whitespace
    characters: " "
- start_position:
    bytes: 1006
    line: 40
    character: 18
  end_position:
    bytes: 1012
    line: 40
    character: 24
  token_type:
    type: Identifier
    identifier: string
- start_position:
    bytes: 1012
    line: 40
    character: 24
  end_position:
    bytes: 1013
    line: 40
    character: 25
  token_type:
    type: Symbol
    symbol: ","
- start_position:
    bytes: 1013
    line: 40
    character: 25
  end_position:
    bytes: 1014
    line: 40
    character: 26
  token_type:
    type: Whitespace
    characters: " "
- start_position:
    bytes: 1014
    line: 40
    character: 26
  end_position:
    bytes: 1015
    line: 40
    character: 27
  token_type:
    type: Identifier
    identifier: b
- start_position:
    bytes: 1015
    line: 40
    character: 27
  end_position:
    bytes: 1016
    line: 40
    character: 28
  token_type:
    type: Symbol
    symbol: ":"
- start_position:
    bytes: 1016
    line: 40
    character: 28
  end_position:
    bytes: 1017
    line: 40
    character: 29
  token_type:
    type: Whitespace
    characters: " "
- start_position:
    bytes: 1017
    line: 40
    character: 29
  end_position:
    bytes: 1023
    line: 40
    character: 35
  token_type:
    type: Identifier
    identifier: string
- start_position:
    bytes: 1023
    line: 40
    character: 35
  end_position:
    bytes: 1024
    line: 40
    character: 36
  token_type:
    type: Symbol
    symbol: ","
- start_position:
    bytes: 1024
    line: 40
    character: 36
  end_position:
    bytes: 1025
    line: 40
    character: 37
  token_type:
    type: Whitespace
    characters: " "
- start_position:
    bytes: 1025
    line: 40
    character: 37
  end_position:
    bytes: 1028
    line: 40
    character: 40
  token_type:
    type: Symbol
    symbol: "..."
- start_position:
    bytes: 1028
    line: 40
    character: 40
  end_position:
    bytes: 1029
    line: 40
    character: 41
  token_type:
    type: Symbol
    symbol: )
- start_position:
    bytes: 1029
    line: 40
    character: 41
  end_position:
    bytes: 1030
    line: 40
    character: 42
  token_type:
    type: Whitespace
    characters: " "
- start_position:
    bytes: 1030
    line: 40
    character: 42
  end_position:
    bytes: 1033
    line: 40
    character: 45
  token_type:
    type: Symbol
    symbol: end
- start_position:
    bytes: 1033
    line: 40
    character: 45
  end_position:
    bytes: 1034
    line: 40
    character: 45
  token_type:
    type: Whitespace
    characters: "\n"
- start_position:
    bytes: 1034
    line: 41
    character: 1
  end_position:
    bytes: 1035
    line: 41
    character: 1
  token_type:
    type: Whitespace
    characters: "\n"
- start_position:
    bytes: 1035
    line: 42
    character: 1
  end_position:
    bytes: 1040
    line: 42
    character: 6
  token_type:
    type: Symbol
    symbol: local
- start_position:
    bytes: 1040
    line: 42
    character: 6
  end_position:
    bytes: 1041
    line: 42
    character: 7
  token_type:
    type: Whitespace
    characters: " "
- start_position:
    bytes: 1041
    line: 42
    character: 7
  end_position:
    bytes: 1045
    line: 42
    character: 11
  token_type:
    type: Identifier
    identifier: _fn3
- start_position:
    bytes: 1045
    line: 42
    character: 11
  end_position:
    bytes: 1046
    line: 42
    character: 12
  token_type:
    type: Whitespace
    characters: " "
- start_position:
    bytes: 1046
    line: 42
    character: 12
  end_position:
    bytes: 1047
    line: 42
    character: 13
  token_type:
    type: Symbol
    symbol: "="
- start_position:
    bytes: 1047
    line: 42
    character: 13
  end_position:
    bytes: 1048
    line: 42
    character: 14
  token_type:
    type: Whitespace
    characters: " "
- start_position:
    bytes: 1048
    line: 42
    character: 14
  end_position:
    bytes: 1056
    line: 42
    character: 22
  token_type:
    type: Symbol
    symbol: function
- start_position:
    bytes: 1056
    line: 42
    character: 22
  end_position:
    bytes: 1057
    line: 42
    character: 23
  token_type:
    type: Symbol
    symbol: (
- start_position:
    bytes: 1057
    line: 42
    character: 23
  end_position:
    bytes: 1058
    line: 42
    character: 24
  token_type:
    type: Symbol
    symbol: )
- start_position:
    bytes: 1058
    line: 42
    character: 24
  end_position:
    bytes: 1059
    line: 42
    character: 25
  token_type:
    type: Symbol
    symbol: ":"
- start_position:
    bytes: 1059
    line: 42
    character: 25
  end_position:
    bytes: 1060
    line: 42
    character: 26
  token_type:
    type: Whitespace
    characters: " "
- start_position:
    bytes: 1060
    line: 42
    character: 26
  end_position:
    bytes: 1066
    line: 42
    character: 32
  token_type:
    type: Identifier
    identifier: number
- start_position:
    bytes: 1066
    line: 42
    character: 32
  end_position:
    bytes: 1067
    line: 42
    character: 33
  token_type:
    type: Whitespace
    characters: " "
- start_position:
    bytes: 1067
    line: 42
    character: 33
  end_position:
    bytes: 1068
    line: 42
    character: 34
  token_type:
    type: Symbol
    symbol: "|"
- start_position:
    bytes: 1068
    line: 42
    character: 34
  end_position:
    bytes: 1069
    line: 42
    character: 35
  token_type:
    type: Whitespace
    characters: " "
- start_position:
    bytes: 1069
    line: 42
    character: 35
  end_position:
    bytes: 1072
    line: 42
    character: 38
  token_type:
    type: Symbol
    symbol: nil
- start_position:
    bytes: 1072
    line: 42
    character: 38
  end_position:
    bytes: 1073
    line: 42
    character: 38
  token_type:
    type: Whitespace
    characters: "\n"
- start_position:
    bytes: 1073
    line: 43
    character: 1
  end_position:
    bytes: 1074
    line: 43
    character: 2
  token_type:
    type: Whitespace
    characters: "\t"
- start_position:
    bytes: 1074
    line: 43
    character: 2
  end_position:
    bytes: 1080
    line: 43
    character: 8
  token_type:
    type: Symbol
    symbol: return
- start_position:
    bytes: 1080
    line: 43
    character: 8
  end_position:
    bytes: 1081
    line: 43
    character: 9
  token_type:
    type: Whitespace
    characters: " "
- start_position:
    bytes: 1081
    line: 43
    character: 9
  end_position:
    bytes: 1082
    line: 43
    character: 10
  token_type:
    type: Number
    text: "3"
- start_position:
    bytes: 1082
    line: 43
    character: 10
  end_position:
    bytes: 1083
    line: 43
    character: 10
  token_type:
    type: Whitespace
    characters: "\n"
- start_position:
    bytes: 1083
    line: 44
    character: 1
  end_position:
    bytes: 1086
    line: 44
    character: 4
  token_type:
    type: Symbol
    symbol: end
- start_position:
    bytes: 1086
    line: 44
    character: 4
  end_position:
    bytes: 1087
    line: 44
    character: 4
  token_type:
    type: Whitespace
    characters: "\n"
- start_position:
    bytes: 1087
    line: 45
    character: 1
  end_position:
    bytes: 1088
    line: 45
    character: 1
  token_type:
    type: Whitespace
    characters: "\n"
- start_position:
    bytes: 1088
    line: 46
    character: 1
  end_position:
    bytes: 1093
    line: 46
    character: 6
  token_type:
    type: Symbol
    symbol: local
- start_position:
    bytes: 1093
    line: 46
    character: 6
  end_position:
    bytes: 1094
    line: 46
    character: 7
  token_type:
    type: Whitespace
    characters: " "
- start_position:
    bytes: 1094
    line: 46
    character: 7
  end_position:
    bytes: 1098
    line: 46
    character: 11
  token_type:
    type: Identifier
    identifier: _fn4
- start_position:
    bytes: 1098
    line: 46
    character: 11
  end_position:
    bytes: 1099
    line: 46
    character: 12
  token_type:
    type: Whitespace
    characters: " "
- start_position:
    bytes: 1099
    line: 46
    character: 12
  end_position:
    bytes: 1100
    line: 46
    character: 13
  token_type:
    type: Symbol
    symbol: "="
- start_position:
    bytes: 1100
    line: 46
    character: 13
  end_position:
    bytes: 1101
    line: 46
    character: 14
  token_type:
    type: Whitespace
    characters: " "
- start_position:
    bytes: 1101
    line: 46
    character: 14
  end_position:
    bytes: 1109
    line: 46
    character: 22
  token_type:
    type: Symbol
    symbol: function
- start_position:
    bytes: 1109
    line: 46
    character: 22
  end_position:
    bytes: 1110
    line: 46
    character: 23
  token_type:
    type: Symbol
    symbol: (
- start_position:
    bytes: 1110
    line: 46
    character: 23
  end_position:
    bytes: 1111
    line: 46
    character: 24
  token_type:
    type: Symbol
    symbol: )
- start_position:
    bytes: 1111
    line: 46
    character: 24
  end_position:
    bytes: 1112
    line: 46
    character: 25
  token_type:
    type: Symbol
    symbol: ":"
- start_position:
    bytes: 1112
    line: 46
    character: 25
  end_position:
    bytes: 1113
    line: 46
    character: 26
  token_type:
    type: Whitespace
    characters: " "
- start_position:
    bytes: 1113
    line: 46
    character: 26
  end_position:
    bytes: 1119
    line: 46
    character: 32
  token_type:
    type: Identifier
    identifier: number
- start_position:
    bytes: 1119
    line: 46
    character: 32
  end_position:
    bytes: 1120
    line: 46
    character: 33
  token_type:
    type: Whitespace
    characters: " "
- start_position:
    bytes: 1120
    line: 46
    character: 33
  end_position:
    bytes: 1121
    line: 46
    character: 34
  token_type:
    type: Symbol
    symbol: "&"
- start_position:
    bytes: 1121
    line: 46
    character: 34
  end_position:
    bytes: 1122
    line: 46
    character: 35
  token_type:
    type: Whitespace
    characters: " "
- start_position:
    bytes: 1122
    line: 46
    character: 35
  end_position:
    bytes: 1125
    line: 46
    character: 38
  token_type:
    type: Symbol
    symbol: nil
- start_position:
    bytes: 1125
    line: 46
    character: 38
  end_position:
    bytes: 1126
    line: 46
    character: 38
  token_type:
    type: Whitespace
    characters: "\n"
- start_position:
    bytes: 1126
    line: 47
    character: 1
  end_position:
    bytes: 1127
    line: 47
    character: 2
  token_type:
    type: Whitespace
    characters: "\t"
- start_position:
    bytes: 1127
    line: 47
    character: 2
  end_position:
    bytes: 1129
    line: 47
    character: 4
  token_type:
    type: Symbol
    symbol: if
- start_position:
    bytes: 1129
    line: 47
    character: 4
  end_position:
    bytes: 1130
    line: 47
    character: 5
  token_type:
    type: Whitespace
    characters: " "
- start_position:
    bytes: 1130
    line: 47
    character: 5
  end_position:
    bytes: 1134
    line: 47
    character: 9
  token_type:
    type: Identifier
    identifier: foo0
- start_position:
    bytes: 1134
    line: 47
    character: 9
  end_position:
    bytes: 1135
    line: 47
    character: 10
  token_type:
    type: Whitespace
    characters: " "
- start_position:
    bytes: 1135
    line: 47
    character: 10
  end_position:
    bytes: 1137
    line: 47
    character: 12
  token_type:
    type: Symbol
    symbol: "::"
- start_position:
    bytes: 1137
    line: 47
    character: 12
  end_position:
    bytes: 1138
    line: 47
    character: 13
  token_type:
    type: Whitespace
    characters: " "
- start_position:
    bytes: 1138
    line: 47
    character: 13
  end_position:
    bytes: 1144
    line: 47
    character: 19
  token_type:
    type: Identifier
    identifier: number
- start_position:
    bytes: 1144
    line: 47
    character: 19
  end_position:
    bytes: 1145
    line: 47
    character: 20
  token_type:
    type: Whitespace
    characters: " "
- start_position:
    bytes: 1145
    line: 47
    character: 20
  end_position:
    bytes: 1149
    line: 47
    character: 24
  token_type:
    type: Symbol
    symbol: then
- start_position:
    bytes: 1149
    line: 47
    character: 24
  end_position:
    bytes: 1150
    line: 47
    character: 24
  token_type:
    type: Whitespace
    characters: "\n"
- start_position:
    bytes: 1150
    line: 48
    character: 1
  end_position:
    bytes: 1152
    line: 48
    character: 3
  token_type:
    type: Whitespace
    characters: "\t\t"
- start_position:
    bytes: 1152
    line: 48
    character: 3
  end_position:
    bytes: 1158
    line: 48
    character: 9
  token_type:
    type: Symbol
    symbol: return
- start_position:
    bytes: 1158
    line: 48
    character: 9
  end_position:
    bytes: 1159
    line: 48
    character: 10
  token_type:
    type: Whitespace
    characters: " "
- start_position:
    bytes: 1159
    line: 48
    character: 10
  end_position:
    bytes: 1160
    line: 48
    character: 11
  token_type:
    type: Number
    text: "3"
- start_position:
    bytes: 1160
    line: 48
    character: 11
  end_position:
    bytes: 1161
    line: 48
    character: 11
  token_type:
    type: Whitespace
    characters: "\n"
- start_position:
    bytes: 1161
    line: 49
    character: 1
  end_position:
    bytes: 1162
    line: 49
    character: 2
  token_type:
    type: Whitespace
    characters: "\t"
- start_position:
    bytes: 1162
    line: 49
    character: 2
  end_position:
    bytes: 1165
    line: 49
    character: 5
  token_type:
    type: Symbol
    symbol: end
- start_position:
    bytes: 1165
    line: 49
    character: 5
  end_position:
    bytes: 1166
    line: 49
    character: 5
  token_type:
    type: Whitespace
    characters: "\n"
- start_position:
    bytes: 1166
    line: 50
    character: 1
  end_position:
    bytes: 1169
    line: 50
    character: 4
  token_type:
    type: Symbol
    symbol: end
- start_position:
    bytes: 1169
    line: 50
    character: 4
  end_position:
    bytes: 1170
    line: 50
    character: 4
  token_type:
    type: Whitespace
    characters: "\n"
- start_position:
    bytes: 1170
    line: 51
    character: 1
  end_position:
    bytes: 1170
    line: 51
    character: 1
  token_type:
    type: Eof

