---
source: full-moon/tests/fail_cases.rs
expression: tokens
input_file: full-moon/tests/cases/fail/parser/function-2

---
- start_position:
    bytes: 0
    line: 1
    character: 1
  end_position:
    bytes: 8
    line: 1
    character: 9
  token_type:
    type: Symbol
    symbol: function
- start_position:
    bytes: 8
    line: 1
    character: 9
  end_position:
    bytes: 9
    line: 1
    character: 10
  token_type:
    type: Whitespace
    characters: " "
- start_position:
    bytes: 9
    line: 1
    character: 10
  end_position:
    bytes: 12
    line: 1
    character: 13
  token_type:
    type: Symbol
    symbol: end
- start_position:
    bytes: 12
    line: 1
    character: 13
  end_position:
    bytes: 12
    line: 1
    character: 13
  token_type:
    type: Eof

