---
source: full-moon/tests/fail_cases.rs
expression: tokens

---
- start_position:
    bytes: 0
    line: 1
    character: 1
  end_position:
    bytes: 4
    line: 1
    character: 5
  token_type:
    type: Identifier
    identifier: type
- start_position:
    bytes: 4
    line: 1
    character: 5
  end_position:
    bytes: 5
    line: 1
    character: 6
  token_type:
    type: Whitespace
    characters: " "
- start_position:
    bytes: 5
    line: 1
    character: 6
  end_position:
    bytes: 8
    line: 1
    character: 9
  token_type:
    type: Identifier
    identifier: Bar
- start_position:
    bytes: 8
    line: 1
    character: 9
  end_position:
    bytes: 9
    line: 1
    character: 10
  token_type:
    type: Symbol
    symbol: "<"
- start_position:
    bytes: 9
    line: 1
    character: 10
  end_position:
    bytes: 10
    line: 1
    character: 11
  token_type:
    type: Identifier
    identifier: T
- start_position:
    bytes: 10
    line: 1
    character: 11
  end_position:
    bytes: 13
    line: 1
    character: 14
  token_type:
    type: Symbol
    symbol: "..."
- start_position:
    bytes: 13
    line: 1
    character: 14
  end_position:
    bytes: 14
    line: 1
    character: 15
  token_type:
    type: Symbol
    symbol: ","
- start_position:
    bytes: 14
    line: 1
    character: 15
  end_position:
    bytes: 15
    line: 1
    character: 16
  token_type:
    type: Whitespace
    characters: " "
- start_position:
    bytes: 15
    line: 1
    character: 16
  end_position:
    bytes: 16
    line: 1
    character: 17
  token_type:
    type: Identifier
    identifier: U
- start_position:
    bytes: 16
    line: 1
    character: 17
  end_position:
    bytes: 17
    line: 1
    character: 18
  token_type:
    type: Symbol
    symbol: ">"
- start_position:
    bytes: 17
    line: 1
    character: 18
  end_position:
    bytes: 18
    line: 1
    character: 19
  token_type:
    type: Whitespace
    characters: " "
- start_position:
    bytes: 18
    line: 1
    character: 19
  end_position:
    bytes: 19
    line: 1
    character: 20
  token_type:
    type: Symbol
    symbol: "="
- start_position:
    bytes: 19
    line: 1
    character: 20
  end_position:
    bytes: 20
    line: 1
    character: 21
  token_type:
    type: Whitespace
    characters: " "
- start_position:
    bytes: 20
    line: 1
    character: 21
  end_position:
    bytes: 23
    line: 1
    character: 24
  token_type:
    type: Symbol
    symbol: nil
- start_position:
    bytes: 23
    line: 1
    character: 24
  end_position:
    bytes: 23
    line: 1
    character: 24
  token_type:
    type: Eof

