---
source: full-moon/tests/fail_cases.rs
expression: result.errors()
input_file: full-moon/tests/cfxlua_cases/fail/tokenizer/safe_navigation
---
- TokenizerError:
    error:
      UnexpectedToken: "?"
    range:
      - bytes: 74
        line: 9
        character: 12
      - bytes: 75
        line: 9
        character: 13
- AstError:
    token:
      start_position:
        bytes: 78
        line: 10
        character: 1
      end_position:
        bytes: 83
        line: 10
        character: 6
      token_type:
        type: Symbol
        symbol: local
    additional: unexpected expression when looking for a statement
- TokenizerError:
    error:
      UnexpectedToken: "?"
    range:
      - bytes: 92
        line: 10
        character: 15
      - bytes: 93
        line: 10
        character: 16
