---
source: full-moon/tests/fail_cases.rs
expression: error
input_file: full-moon/tests/cases/fail/parser/assignment-3

---
UnexpectedToken:
  token:
    start_position:
      bytes: 0
      line: 1
      character: 1
    end_position:
      bytes: 5
      line: 1
      character: 6
    token_type:
      type: Symbol
      symbol: until
  additional: leftover token

