---
source: full-moon/tests/fail_cases.rs
expression: error
input_file: full-moon/tests/cases/fail/parser/paren-expression-5

---
UnexpectedToken:
  token:
    start_position:
      bytes: 8
      line: 1
      character: 9
    end_position:
      bytes: 13
      line: 1
      character: 14
    token_type:
      type: Symbol
      symbol: until
  additional: expected expression

