---
source: full-moon/tests/fail_cases.rs
expression: error
input_file: full-moon/tests/cases/fail/parser/repeat-until-2

---
UnexpectedToken:
  token:
    start_position:
      bytes: 14
      line: 2
      character: 8
    end_position:
      bytes: 14
      line: 2
      character: 8
    token_type:
      type: Eof
  additional: "expected 'until'"

