---
source: full-moon/tests/pass_cases.rs
expression: ast.nodes()
input_file: full-moon/tests/cases/pass/negative-numbers

---
stmts:
  - - LocalAssignment:
        local_token:
          leading_trivia: []
          token:
            start_position:
              bytes: 0
              line: 1
              character: 1
            end_position:
              bytes: 5
              line: 1
              character: 6
            token_type:
              type: Symbol
              symbol: local
          trailing_trivia:
            - start_position:
                bytes: 5
                line: 1
                character: 6
              end_position:
                bytes: 6
                line: 1
                character: 7
              token_type:
                type: Whitespace
                characters: " "
        name_list:
          pairs:
            - End:
                leading_trivia: []
                token:
                  start_position:
                    bytes: 6
                    line: 1
                    character: 7
                  end_position:
                    bytes: 9
                    line: 1
                    character: 10
                  token_type:
                    type: Identifier
                    identifier: foo
                trailing_trivia:
                  - start_position:
                      bytes: 9
                      line: 1
                      character: 10
                    end_position:
                      bytes: 10
                      line: 1
                      character: 11
                    token_type:
                      type: Whitespace
                      characters: " "
        equal_token:
          leading_trivia: []
          token:
            start_position:
              bytes: 10
              line: 1
              character: 11
            end_position:
              bytes: 11
              line: 1
              character: 12
            token_type:
              type: Symbol
              symbol: "="
          trailing_trivia:
            - start_position:
                bytes: 11
                line: 1
                character: 12
              end_position:
                bytes: 12
                line: 1
                character: 13
              token_type:
                type: Whitespace
                characters: " "
        expr_list:
          pairs:
            - End:
                lhs:
                  value:
                    Var:
                      Name:
                        leading_trivia: []
                        token:
                          start_position:
                            bytes: 12
                            line: 1
                            character: 13
                          end_position:
                            bytes: 13
                            line: 1
                            character: 14
                          token_type:
                            type: Identifier
                            identifier: x
                        trailing_trivia: []
                binop:
                  Minus:
                    leading_trivia: []
                    token:
                      start_position:
                        bytes: 13
                        line: 1
                        character: 14
                      end_position:
                        bytes: 14
                        line: 1
                        character: 15
                      token_type:
                        type: Symbol
                        symbol: "-"
                    trailing_trivia: []
                rhs:
                  value:
                    Number:
                      leading_trivia: []
                      token:
                        start_position:
                          bytes: 14
                          line: 1
                          character: 15
                        end_position:
                          bytes: 15
                          line: 1
                          character: 16
                        token_type:
                          type: Number
                          text: "1"
                      trailing_trivia:
                        - start_position:
                            bytes: 15
                            line: 1
                            character: 16
                          end_position:
                            bytes: 16
                            line: 1
                            character: 16
                          token_type:
                            type: Whitespace
                            characters: "\n"
    - ~
  - - LocalAssignment:
        local_token:
          leading_trivia: []
          token:
            start_position:
              bytes: 16
              line: 2
              character: 1
            end_position:
              bytes: 21
              line: 2
              character: 6
            token_type:
              type: Symbol
              symbol: local
          trailing_trivia:
            - start_position:
                bytes: 21
                line: 2
                character: 6
              end_position:
                bytes: 22
                line: 2
                character: 7
              token_type:
                type: Whitespace
                characters: " "
        name_list:
          pairs:
            - End:
                leading_trivia: []
                token:
                  start_position:
                    bytes: 22
                    line: 2
                    character: 7
                  end_position:
                    bytes: 25
                    line: 2
                    character: 10
                  token_type:
                    type: Identifier
                    identifier: foo
                trailing_trivia:
                  - start_position:
                      bytes: 25
                      line: 2
                      character: 10
                    end_position:
                      bytes: 26
                      line: 2
                      character: 11
                    token_type:
                      type: Whitespace
                      characters: " "
        equal_token:
          leading_trivia: []
          token:
            start_position:
              bytes: 26
              line: 2
              character: 11
            end_position:
              bytes: 27
              line: 2
              character: 12
            token_type:
              type: Symbol
              symbol: "="
          trailing_trivia:
            - start_position:
                bytes: 27
                line: 2
                character: 12
              end_position:
                bytes: 28
                line: 2
                character: 13
              token_type:
                type: Whitespace
                characters: " "
        expr_list:
          pairs:
            - End:
                lhs:
                  value:
                    Var:
                      Name:
                        leading_trivia: []
                        token:
                          start_position:
                            bytes: 28
                            line: 2
                            character: 13
                          end_position:
                            bytes: 29
                            line: 2
                            character: 14
                          token_type:
                            type: Identifier
                            identifier: x
                        trailing_trivia:
                          - start_position:
                              bytes: 29
                              line: 2
                              character: 14
                            end_position:
                              bytes: 30
                              line: 2
                              character: 15
                            token_type:
                              type: Whitespace
                              characters: " "
                binop:
                  Minus:
                    leading_trivia: []
                    token:
                      start_position:
                        bytes: 30
                        line: 2
                        character: 15
                      end_position:
                        bytes: 31
                        line: 2
                        character: 16
                      token_type:
                        type: Symbol
                        symbol: "-"
                    trailing_trivia: []
                rhs:
                  value:
                    Number:
                      leading_trivia: []
                      token:
                        start_position:
                          bytes: 31
                          line: 2
                          character: 16
                        end_position:
                          bytes: 32
                          line: 2
                          character: 17
                        token_type:
                          type: Number
                          text: "1"
                      trailing_trivia:
                        - start_position:
                            bytes: 32
                            line: 2
                            character: 17
                          end_position:
                            bytes: 33
                            line: 2
                            character: 17
                          token_type:
                            type: Whitespace
                            characters: "\n"
    - ~
  - - FunctionCall:
        prefix:
          Name:
            leading_trivia: []
            token:
              start_position:
                bytes: 33
                line: 3
                character: 1
              end_position:
                bytes: 38
                line: 3
                character: 6
              token_type:
                type: Identifier
                identifier: print
            trailing_trivia: []
        suffixes:
          - Call:
              AnonymousCall:
                Parentheses:
                  parentheses:
                    tokens:
                      - leading_trivia: []
                        token:
                          start_position:
                            bytes: 38
                            line: 3
                            character: 6
                          end_position:
                            bytes: 39
                            line: 3
                            character: 7
                          token_type:
                            type: Symbol
                            symbol: (
                        trailing_trivia: []
                      - leading_trivia: []
                        token:
                          start_position:
                            bytes: 43
                            line: 3
                            character: 11
                          end_position:
                            bytes: 44
                            line: 3
                            character: 12
                          token_type:
                            type: Symbol
                            symbol: )
                        trailing_trivia:
                          - start_position:
                              bytes: 44
                              line: 3
                              character: 12
                            end_position:
                              bytes: 45
                              line: 3
                              character: 12
                            token_type:
                              type: Whitespace
                              characters: "\n"
                  arguments:
                    pairs:
                      - End:
                          lhs:
                            value:
                              Number:
                                leading_trivia: []
                                token:
                                  start_position:
                                    bytes: 39
                                    line: 3
                                    character: 7
                                  end_position:
                                    bytes: 40
                                    line: 3
                                    character: 8
                                  token_type:
                                    type: Number
                                    text: "1"
                                trailing_trivia: []
                          binop:
                            Plus:
                              leading_trivia: []
                              token:
                                start_position:
                                  bytes: 40
                                  line: 3
                                  character: 8
                                end_position:
                                  bytes: 41
                                  line: 3
                                  character: 9
                                token_type:
                                  type: Symbol
                                  symbol: +
                              trailing_trivia: []
                          rhs:
                            unop:
                              Minus:
                                leading_trivia: []
                                token:
                                  start_position:
                                    bytes: 41
                                    line: 3
                                    character: 9
                                  end_position:
                                    bytes: 42
                                    line: 3
                                    character: 10
                                  token_type:
                                    type: Symbol
                                    symbol: "-"
                                trailing_trivia: []
                            expression:
                              value:
                                Number:
                                  leading_trivia: []
                                  token:
                                    start_position:
                                      bytes: 42
                                      line: 3
                                      character: 10
                                    end_position:
                                      bytes: 43
                                      line: 3
                                      character: 11
                                    token_type:
                                      type: Number
                                      text: "3"
                                  trailing_trivia: []
    - ~

