---
source: full-moon/tests/fail_cases.rs
expression: result.ast()
input_file: full-moon/tests/roblox_cases/fail/parser/if_local_no_value
---
nodes:
  stmts: []
eof:
  leading_trivia: []
  token:
    start_position:
      bytes: 20
      line: 3
      character: 1
    end_position:
      bytes: 20
      line: 3
      character: 1
    token_type:
      type: Eof
  trailing_trivia: []
