---
source: full-moon/tests/fail_cases.rs
expression: result.errors
input_file: full-moon/tests/cases/fail/parser/local-function-2
---
- AstError:
    token:
      start_position:
        bytes: 6
        line: 1
        character: 7
      end_position:
        bytes: 14
        line: 1
        character: 15
      token_type:
        type: Symbol
        symbol: function
    additional: expected a function body

