---
source: full-moon/tests/fail_cases.rs
expression: error
input_file: full-moon/tests/cases/fail/parser/paren-expression-3

---
UnexpectedToken:
  token:
    start_position:
      bytes: 9
      line: 1
      character: 10
    end_position:
      bytes: 10
      line: 1
      character: 11
    token_type:
      type: Symbol
      symbol: ","
  additional: "expected ')'"

