---
source: full-moon/tests/fail_cases.rs
expression: error
input_file: full-moon/tests/cases/fail/parser/index-1

---
UnexpectedToken:
  token:
    start_position:
      bytes: 3
      line: 1
      character: 4
    end_position:
      bytes: 3
      line: 1
      character: 4
    token_type:
      type: Eof
  additional: "expected ']'"

