---
source: full-moon/tests/pass_cases.rs
expression: tokens
input_file: full-moon/tests/lua52_cases/pass/goto-1

---
- start_position:
    bytes: 0
    character: 1
    line: 1
  end_position:
    bytes: 3
    character: 4
    line: 1
  token_type:
    type: Symbol
    symbol: for
- start_position:
    bytes: 3
    character: 4
    line: 1
  end_position:
    bytes: 4
    character: 5
    line: 1
  token_type:
    type: Whitespace
    characters: " "
- start_position:
    bytes: 4
    character: 5
    line: 1
  end_position:
    bytes: 5
    character: 6
    line: 1
  token_type:
    type: Identifier
    identifier: i
- start_position:
    bytes: 5
    character: 6
    line: 1
  end_position:
    bytes: 6
    character: 7
    line: 1
  token_type:
    type: Symbol
    symbol: "="
- start_position:
    bytes: 6
    character: 7
    line: 1
  end_position:
    bytes: 7
    character: 8
    line: 1
  token_type:
    type: Number
    text: "1"
- start_position:
    bytes: 7
    character: 8
    line: 1
  end_position:
    bytes: 8
    character: 9
    line: 1
  token_type:
    type: Symbol
    symbol: ","
- start_position:
    bytes: 8
    character: 9
    line: 1
  end_position:
    bytes: 9
    character: 10
    line: 1
  token_type:
    type: Whitespace
    characters: " "
- start_position:
    bytes: 9
    character: 10
    line: 1
  end_position:
    bytes: 11
    character: 12
    line: 1
  token_type:
    type: Number
    text: "10"
- start_position:
    bytes: 11
    character: 12
    line: 1
  end_position:
    bytes: 12
    character: 13
    line: 1
  token_type:
    type: Whitespace
    characters: " "
- start_position:
    bytes: 12
    character: 13
    line: 1
  end_position:
    bytes: 14
    character: 15
    line: 1
  token_type:
    type: Symbol
    symbol: do
- start_position:
    bytes: 14
    character: 15
    line: 1
  end_position:
    bytes: 15
    character: 15
    line: 1
  token_type:
    type: Whitespace
    characters: "\n"
- start_position:
    bytes: 15
    character: 1
    line: 2
  end_position:
    bytes: 16
    character: 2
    line: 2
  token_type:
    type: Whitespace
    characters: "\t"
- start_position:
    bytes: 16
    character: 2
    line: 2
  end_position:
    bytes: 18
    character: 4
    line: 2
  token_type:
    type: Symbol
    symbol: if
- start_position:
    bytes: 18
    character: 4
    line: 2
  end_position:
    bytes: 19
    character: 5
    line: 2
  token_type:
    type: Whitespace
    characters: " "
- start_position:
    bytes: 19
    character: 5
    line: 2
  end_position:
    bytes: 20
    character: 6
    line: 2
  token_type:
    type: Identifier
    identifier: i
- start_position:
    bytes: 20
    character: 6
    line: 2
  end_position:
    bytes: 21
    character: 7
    line: 2
  token_type:
    type: Whitespace
    characters: " "
- start_position:
    bytes: 21
    character: 7
    line: 2
  end_position:
    bytes: 23
    character: 9
    line: 2
  token_type:
    type: Symbol
    symbol: "=="
- start_position:
    bytes: 23
    character: 9
    line: 2
  end_position:
    bytes: 24
    character: 10
    line: 2
  token_type:
    type: Whitespace
    characters: " "
- start_position:
    bytes: 24
    character: 10
    line: 2
  end_position:
    bytes: 25
    character: 11
    line: 2
  token_type:
    type: Number
    text: "5"
- start_position:
    bytes: 25
    character: 11
    line: 2
  end_position:
    bytes: 26
    character: 12
    line: 2
  token_type:
    type: Whitespace
    characters: " "
- start_position:
    bytes: 26
    character: 12
    line: 2
  end_position:
    bytes: 30
    character: 16
    line: 2
  token_type:
    type: Symbol
    symbol: then
- start_position:
    bytes: 30
    character: 16
    line: 2
  end_position:
    bytes: 31
    character: 16
    line: 2
  token_type:
    type: Whitespace
    characters: "\n"
- start_position:
    bytes: 31
    character: 1
    line: 3
  end_position:
    bytes: 33
    character: 3
    line: 3
  token_type:
    type: Whitespace
    characters: "\t\t"
- start_position:
    bytes: 33
    character: 3
    line: 3
  end_position:
    bytes: 37
    character: 7
    line: 3
  token_type:
    type: Symbol
    symbol: goto
- start_position:
    bytes: 37
    character: 7
    line: 3
  end_position:
    bytes: 38
    character: 8
    line: 3
  token_type:
    type: Whitespace
    characters: " "
- start_position:
    bytes: 38
    character: 8
    line: 3
  end_position:
    bytes: 42
    character: 12
    line: 3
  token_type:
    type: Identifier
    identifier: done
- start_position:
    bytes: 42
    character: 12
    line: 3
  end_position:
    bytes: 43
    character: 12
    line: 3
  token_type:
    type: Whitespace
    characters: "\n"
- start_position:
    bytes: 43
    character: 1
    line: 4
  end_position:
    bytes: 44
    character: 2
    line: 4
  token_type:
    type: Whitespace
    characters: "\t"
- start_position:
    bytes: 44
    character: 2
    line: 4
  end_position:
    bytes: 47
    character: 5
    line: 4
  token_type:
    type: Symbol
    symbol: end
- start_position:
    bytes: 47
    character: 5
    line: 4
  end_position:
    bytes: 48
    character: 5
    line: 4
  token_type:
    type: Whitespace
    characters: "\n"
- start_position:
    bytes: 48
    character: 1
    line: 5
  end_position:
    bytes: 51
    character: 4
    line: 5
  token_type:
    type: Symbol
    symbol: end
- start_position:
    bytes: 51
    character: 4
    line: 5
  end_position:
    bytes: 52
    character: 4
    line: 5
  token_type:
    type: Whitespace
    characters: "\n"
- start_position:
    bytes: 52
    character: 1
    line: 6
  end_position:
    bytes: 54
    character: 3
    line: 6
  token_type:
    type: Symbol
    symbol: "::"
- start_position:
    bytes: 54
    character: 3
    line: 6
  end_position:
    bytes: 58
    character: 7
    line: 6
  token_type:
    type: Identifier
    identifier: done
- start_position:
    bytes: 58
    character: 7
    line: 6
  end_position:
    bytes: 60
    character: 9
    line: 6
  token_type:
    type: Symbol
    symbol: "::"
- start_position:
    bytes: 60
    character: 9
    line: 6
  end_position:
    bytes: 60
    character: 9
    line: 6
  token_type:
    type: Eof

