---
source: full-moon/tests/fail_cases.rs
expression: error
input_file: full-moon/tests/cases/fail/parser/method-call-3

---
UnexpectedToken:
  token:
    start_position:
      bytes: 19
      line: 1
      character: 20
    end_position:
      bytes: 24
      line: 1
      character: 25
    token_type:
      type: Symbol
      symbol: until
  additional: "expected ')'"

