---
source: full-moon/tests/fail_cases.rs
assertion_line: 27
expression: result.ast
input_file: full-moon/tests/cases/fail/parser/numeric-for-1
---
nodes:
  stmts: []
eof:
  leading_trivia: []
  token:
    start_position:
      bytes: 5
      line: 1
      character: 6
    end_position:
      bytes: 5
      line: 1
      character: 6
    token_type:
      type: Eof
  trailing_trivia: []

