---
source: full-moon/tests/fail_cases.rs
expression: error
input_file: full-moon/tests/cases/fail/parser/bin-op-1

---
UnexpectedToken:
  token:
    start_position:
      bytes: 10
      line: 1
      character: 11
    end_position:
      bytes: 10
      line: 1
      character: 11
    token_type:
      type: Eof
  additional: expected expression

