---
source: full-moon/tests/fail_cases.rs
expression: error
input_file: full-moon/tests/cases/fail/parser/local-assignment-5

---
UnexpectedToken:
  token:
    start_position:
      bytes: 10
      line: 1
      character: 11
    end_position:
      bytes: 13
      line: 1
      character: 14
    token_type:
      type: Symbol
      symbol: end
  additional: expected expression

