---
source: full-moon/tests/fail_cases.rs
expression: tokens
input_file: full-moon/tests/luau_declarations_cases/fail/parser/declared_extern_type_multiple_indexers
---
- start_position:
    bytes: 0
    line: 1
    character: 1
  end_position:
    bytes: 7
    line: 1
    character: 8
  token_type:
    type: Identifier
    identifier: declare
- start_position:
    bytes: 7
    line: 1
    character: 8
  end_position:
    bytes: 8
    line: 1
    character: 9
  token_type:
    type: Whitespace
    characters: " "
- start_position:
    bytes: 8
    line: 1
    character: 9
  end_position:
    bytes: 14
    line: 1
    character: 15
  token_type:
    type: Identifier
    identifier: extern
- start_position:
    bytes: 14
    line: 1
    character: 15
  end_position:
    bytes: 15
    line: 1
    character: 16
  token_type:
    type: Whitespace
    characters: " "
- start_position:
    bytes: 15
    line: 1
    character: 16
  end_position:
    bytes: 19
    line: 1
    character: 20
  token_type:
    type: Identifier
    identifier: type
- start_position:
    bytes: 19
    line: 1
    character: 20
  end_position:
    bytes: 20
    line: 1
    character: 21
  token_type:
    type: Whitespace
    characters: " "
- start_position:
    bytes: 20
    line: 1
    character: 21
  end_position:
    bytes: 23
    line: 1
    character: 24
  token_type:
    type: Identifier
    identifier: Foo
- start_position:
    bytes: 23
    line: 1
    character: 24
  end_position:
    bytes: 24
    line: 1
    character: 25
  token_type:
    type: Whitespace
    characters: " "
- start_position:
    bytes: 24
    line: 1
    character: 25
  end_position:
    bytes: 28
    line: 1
    character: 29
  token_type:
    type: Identifier
    identifier: with
- start_position:
    bytes: 28
    line: 1
    character: 29
  end_position:
    bytes: 29
    line: 1
    character: 29
  token_type:
    type: Whitespace
    characters: "\n"
- start_position:
    bytes: 29
    line: 2
    character: 1
  end_position:
    bytes: 33
    line: 2
    character: 5
  token_type:
    type: Whitespace
    characters: "    "
- start_position:
    bytes: 33
    line: 2
    character: 5
  end_position:
    bytes: 34
    line: 2
    character: 6
  token_type:
    type: Symbol
    symbol: "["
- start_position:
    bytes: 34
    line: 2
    character: 6
  end_position:
    bytes: 40
    line: 2
    character: 12
  token_type:
    type: Identifier
    identifier: string
- start_position:
    bytes: 40
    line: 2
    character: 12
  end_position:
    bytes: 41
    line: 2
    character: 13
  token_type:
    type: Symbol
    symbol: "]"
- start_position:
    bytes: 41
    line: 2
    character: 13
  end_position:
    bytes: 42
    line: 2
    character: 14
  token_type:
    type: Symbol
    symbol: ":"
- start_position:
    bytes: 42
    line: 2
    character: 14
  end_position:
    bytes: 43
    line: 2
    character: 15
  token_type:
    type: Whitespace
    characters: " "
- start_position:
    bytes: 43
    line: 2
    character: 15
  end_position:
    bytes: 49
    line: 2
    character: 21
  token_type:
    type: Identifier
    identifier: string
- start_position:
    bytes: 49
    line: 2
    character: 21
  end_position:
    bytes: 50
    line: 2
    character: 21
  token_type:
    type: Whitespace
    characters: "\n"
- start_position:
    bytes: 50
    line: 3
    character: 1
  end_position:
    bytes: 54
    line: 3
    character: 5
  token_type:
    type: Whitespace
    characters: "    "
- start_position:
    bytes: 54
    line: 3
    character: 5
  end_position:
    bytes: 55
    line: 3
    character: 6
  token_type:
    type: Symbol
    symbol: "["
- start_position:
    bytes: 55
    line: 3
    character: 6
  end_position:
    bytes: 61
    line: 3
    character: 12
  token_type:
    type: Identifier
    identifier: number
- start_position:
    bytes: 61
    line: 3
    character: 12
  end_position:
    bytes: 62
    line: 3
    character: 13
  token_type:
    type: Symbol
    symbol: "]"
- start_position:
    bytes: 62
    line: 3
    character: 13
  end_position:
    bytes: 63
    line: 3
    character: 14
  token_type:
    type: Symbol
    symbol: ":"
- start_position:
    bytes: 63
    line: 3
    character: 14
  end_position:
    bytes: 64
    line: 3
    character: 15
  token_type:
    type: Whitespace
    characters: " "
- start_position:
    bytes: 64
    line: 3
    character: 15
  end_position:
    bytes: 70
    line: 3
    character: 21
  token_type:
    type: Identifier
    identifier: string
- start_position:
    bytes: 70
    line: 3
    character: 21
  end_position:
    bytes: 71
    line: 3
    character: 21
  token_type:
    type: Whitespace
    characters: "\n"
- start_position:
    bytes: 71
    line: 4
    character: 1
  end_position:
    bytes: 74
    line: 4
    character: 4
  token_type:
    type: Symbol
    symbol: end
- start_position:
    bytes: 74
    line: 4
    character: 4
  end_position:
    bytes: 74
    line: 4
    character: 4
  token_type:
    type: Eof
